Archive member included to satisfy reference by file (symbol)

/home/tomas/st/stm32cubeide_1.18.1/plugins/com.st.stm32cube.ide.mcu.externaltools.gnu-tools-for-stm32.13.3.rel1.linux64_1.0.0.202410170706/tools/bin/../lib/gcc/arm-none-eabi/13.3.1/../../../../arm-none-eabi/lib/thumb/v8-m.main+fp/hard/libc_nano.a(libc_a-exit.o)
                              /home/tomas/st/stm32cubeide_1.18.1/plugins/com.st.stm32cube.ide.mcu.externaltools.gnu-tools-for-stm32.13.3.rel1.linux64_1.0.0.202410170706/tools/bin/../lib/gcc/arm-none-eabi/13.3.1/../../../../arm-none-eabi/lib/thumb/v8-m.main+fp/hard/crt0.o (exit)
/home/tomas/st/stm32cubeide_1.18.1/plugins/com.st.stm32cube.ide.mcu.externaltools.gnu-tools-for-stm32.13.3.rel1.linux64_1.0.0.202410170706/tools/bin/../lib/gcc/arm-none-eabi/13.3.1/../../../../arm-none-eabi/lib/thumb/v8-m.main+fp/hard/libc_nano.a(libc_a-findfp.o)
                              /home/tomas/st/stm32cubeide_1.18.1/plugins/com.st.stm32cube.ide.mcu.externaltools.gnu-tools-for-stm32.13.3.rel1.linux64_1.0.0.202410170706/tools/bin/../lib/gcc/arm-none-eabi/13.3.1/../../../../arm-none-eabi/lib/thumb/v8-m.main+fp/hard/libc_nano.a(libc_a-exit.o) (__stdio_exit_handler)
/home/tomas/st/stm32cubeide_1.18.1/plugins/com.st.stm32cube.ide.mcu.externaltools.gnu-tools-for-stm32.13.3.rel1.linux64_1.0.0.202410170706/tools/bin/../lib/gcc/arm-none-eabi/13.3.1/../../../../arm-none-eabi/lib/thumb/v8-m.main+fp/hard/libc_nano.a(libc_a-fwalk.o)
                              /home/tomas/st/stm32cubeide_1.18.1/plugins/com.st.stm32cube.ide.mcu.externaltools.gnu-tools-for-stm32.13.3.rel1.linux64_1.0.0.202410170706/tools/bin/../lib/gcc/arm-none-eabi/13.3.1/../../../../arm-none-eabi/lib/thumb/v8-m.main+fp/hard/libc_nano.a(libc_a-findfp.o) (_fwalk_sglue)
/home/tomas/st/stm32cubeide_1.18.1/plugins/com.st.stm32cube.ide.mcu.externaltools.gnu-tools-for-stm32.13.3.rel1.linux64_1.0.0.202410170706/tools/bin/../lib/gcc/arm-none-eabi/13.3.1/../../../../arm-none-eabi/lib/thumb/v8-m.main+fp/hard/libc_nano.a(libc_a-stdio.o)
                              /home/tomas/st/stm32cubeide_1.18.1/plugins/com.st.stm32cube.ide.mcu.externaltools.gnu-tools-for-stm32.13.3.rel1.linux64_1.0.0.202410170706/tools/bin/../lib/gcc/arm-none-eabi/13.3.1/../../../../arm-none-eabi/lib/thumb/v8-m.main+fp/hard/libc_nano.a(libc_a-findfp.o) (__sread)
/home/tomas/st/stm32cubeide_1.18.1/plugins/com.st.stm32cube.ide.mcu.externaltools.gnu-tools-for-stm32.13.3.rel1.linux64_1.0.0.202410170706/tools/bin/../lib/gcc/arm-none-eabi/13.3.1/../../../../arm-none-eabi/lib/thumb/v8-m.main+fp/hard/libc_nano.a(libc_a-memset.o)
                              /home/tomas/st/stm32cubeide_1.18.1/plugins/com.st.stm32cube.ide.mcu.externaltools.gnu-tools-for-stm32.13.3.rel1.linux64_1.0.0.202410170706/tools/bin/../lib/gcc/arm-none-eabi/13.3.1/../../../../arm-none-eabi/lib/thumb/v8-m.main+fp/hard/crt0.o (memset)
/home/tomas/st/stm32cubeide_1.18.1/plugins/com.st.stm32cube.ide.mcu.externaltools.gnu-tools-for-stm32.13.3.rel1.linux64_1.0.0.202410170706/tools/bin/../lib/gcc/arm-none-eabi/13.3.1/../../../../arm-none-eabi/lib/thumb/v8-m.main+fp/hard/libc_nano.a(libc_a-closer.o)
                              /home/tomas/st/stm32cubeide_1.18.1/plugins/com.st.stm32cube.ide.mcu.externaltools.gnu-tools-for-stm32.13.3.rel1.linux64_1.0.0.202410170706/tools/bin/../lib/gcc/arm-none-eabi/13.3.1/../../../../arm-none-eabi/lib/thumb/v8-m.main+fp/hard/libc_nano.a(libc_a-stdio.o) (_close_r)
/home/tomas/st/stm32cubeide_1.18.1/plugins/com.st.stm32cube.ide.mcu.externaltools.gnu-tools-for-stm32.13.3.rel1.linux64_1.0.0.202410170706/tools/bin/../lib/gcc/arm-none-eabi/13.3.1/../../../../arm-none-eabi/lib/thumb/v8-m.main+fp/hard/libc_nano.a(libc_a-reent.o)
                              /home/tomas/st/stm32cubeide_1.18.1/plugins/com.st.stm32cube.ide.mcu.externaltools.gnu-tools-for-stm32.13.3.rel1.linux64_1.0.0.202410170706/tools/bin/../lib/gcc/arm-none-eabi/13.3.1/../../../../arm-none-eabi/lib/thumb/v8-m.main+fp/hard/libc_nano.a(libc_a-closer.o) (errno)
/home/tomas/st/stm32cubeide_1.18.1/plugins/com.st.stm32cube.ide.mcu.externaltools.gnu-tools-for-stm32.13.3.rel1.linux64_1.0.0.202410170706/tools/bin/../lib/gcc/arm-none-eabi/13.3.1/../../../../arm-none-eabi/lib/thumb/v8-m.main+fp/hard/libc_nano.a(libc_a-impure.o)
                              /home/tomas/st/stm32cubeide_1.18.1/plugins/com.st.stm32cube.ide.mcu.externaltools.gnu-tools-for-stm32.13.3.rel1.linux64_1.0.0.202410170706/tools/bin/../lib/gcc/arm-none-eabi/13.3.1/../../../../arm-none-eabi/lib/thumb/v8-m.main+fp/hard/libc_nano.a(libc_a-reent.o) (_impure_ptr)
/home/tomas/st/stm32cubeide_1.18.1/plugins/com.st.stm32cube.ide.mcu.externaltools.gnu-tools-for-stm32.13.3.rel1.linux64_1.0.0.202410170706/tools/bin/../lib/gcc/arm-none-eabi/13.3.1/../../../../arm-none-eabi/lib/thumb/v8-m.main+fp/hard/libc_nano.a(libc_a-lseekr.o)
[...]
Memory Configuration

Name             Origin             Length             Attributes
RAM              0x20000000         0x000c0000         xrw
SRAM4            0x28000000         0x00004000         xrw
FLASH            0x08000000         0x00200000         xr
*default*        0x00000000         0xffffffff

Linker script and memory map

LOAD /home/tomas/st/stm32cubeide_1.18.1/plugins/com.st.stm32cube.ide.mcu.externaltools.gnu-tools-for-stm32.13.3.rel1.linux64_1.0.0.202410170706/tools/bin/../lib/gcc/arm-none-eabi/13.3.1/thumb/v8-m.main+fp/hard/crti.o
LOAD /home/tomas/st/stm32cubeide_1.18.1/plugins/com.st.stm32cube.ide.mcu.externaltools.gnu-tools-for-stm32.13.3.rel1.linux64_1.0.0.202410170706/tools/bin/../lib/gcc/arm-none-eabi/13.3.1/thumb/v8-m.main+fp/hard/crtbegin.o
LOAD /home/tomas/st/stm32cubeide_1.18.1/plugins/com.st.stm32cube.ide.mcu.externaltools.gnu-tools-for-stm32.13.3.rel1.linux64_1.0.0.202410170706/tools/bin/../lib/gcc/arm-none-eabi/13.3.1/../../../../arm-none-eabi/lib/thumb/v8-m.main+fp/hard/crt0.o
LOAD ./Core/Src/main.o
LOAD ./Core/Src/stm32u5xx_hal_msp.o
LOAD ./Core/Src/stm32u5xx_it.o
LOAD ./Core/Src/syscalls.o
LOAD ./Core/Src/sysmem.o
LOAD ./Core/Src/system_stm32u5xx.o
LOAD ./Core/Startup/startup_stm32u585aiixq.o
LOAD ./Drivers/STM32U5xx_HAL_Driver/Src/stm32u5xx_hal.o
LOAD ./Drivers/STM32U5xx_HAL_Driver/Src/stm32u5xx_hal_cortex.o
LOAD ./Drivers/STM32U5xx_HAL_Driver/Src/stm32u5xx_hal_dma.o
LOAD ./Drivers/STM32U5xx_HAL_Driver/Src/stm32u5xx_hal_dma_ex.o
LOAD ./Drivers/STM32U5xx_HAL_Driver/Src/stm32u5xx_hal_exti.o
LOAD ./Drivers/STM32U5xx_HAL_Driver/Src/stm32u5xx_hal_flash.o
LOAD ./Drivers/STM32U5xx_HAL_Driver/Src/stm32u5xx_hal_flash_ex.o
LOAD ./Drivers/STM32U5xx_HAL_Driver/Src/stm32u5xx_hal_gpio.o
LOAD ./Drivers/STM32U5xx_HAL_Driver/Src/stm32u5xx_hal_gtzc.o
LOAD ./Drivers/STM32U5xx_HAL_Driver/Src/stm32u5xx_hal_i2c.o
LOAD ./Drivers/STM32U5xx_HAL_Driver/Src/stm32u5xx_hal_i2c_ex.o
LOAD ./Drivers/STM32U5xx_HAL_Driver/Src/stm32u5xx_hal_icache.o
LOAD ./Drivers/STM32U5xx_HAL_Driver/Src/stm32u5xx_hal_mdf.o
LOAD ./Drivers/STM32U5xx_HAL_Driver/Src/stm32u5xx_hal_ospi.o
LOAD ./Drivers/STM32U5xx_HAL_Driver/Src/stm32u5xx_hal_pcd.o
LOAD ./Drivers/STM32U5xx_HAL_Driver/Src/stm32u5xx_hal_pcd_ex.o
LOAD ./Drivers/STM32U5xx_HAL_Driver/Src/stm32u5xx_hal_pwr.o
LOAD ./Drivers/STM32U5xx_HAL_Driver/Src/stm32u5xx_hal_pwr_ex.o
LOAD ./Drivers/STM32U5xx_HAL_Driver/Src/stm32u5xx_hal_rcc.o
LOAD ./Drivers/STM32U5xx_HAL_Driver/Src/stm32u5xx_hal_rcc_ex.o
LOAD ./Drivers/STM32U5xx_HAL_Driver/Src/stm32u5xx_hal_spi.o
LOAD ./Drivers/STM32U5xx_HAL_Driver/Src/stm32u5xx_hal_spi_ex.o
LOAD ./Drivers/STM32U5xx_HAL_Driver/Src/stm32u5xx_hal_uart.o
LOAD ./Drivers/STM32U5xx_HAL_Driver/Src/stm32u5xx_hal_uart_ex.o
LOAD ./Drivers/STM32U5xx_HAL_Driver/Src/stm32u5xx_ll_dlyb.o
LOAD ./Drivers/STM32U5xx_HAL_Driver/Src/stm32u5xx_ll_dma.o
LOAD ./Drivers/STM32U5xx_HAL_Driver/Src/stm32u5xx_ll_exti.o
LOAD ./Drivers/STM32U5xx_HAL_Driver/Src/stm32u5xx_ll_gpio.o
LOAD ./Drivers/STM32U5xx_HAL_Driver/Src/stm32u5xx_ll_lpgpio.o
LOAD ./Drivers/STM32U5xx_HAL_Driver/Src/stm32u5xx_ll_ucpd.o
LOAD ./Drivers/STM32U5xx_HAL_Driver/Src/stm32u5xx_ll_usb.o
LOAD ./Drivers/STM32U5xx_HAL_Driver/Src/stm32u5xx_ll_utils.o
START GROUP
LOAD /home/tomas/st/stm32cubeide_1.18.1/plugins/com.st.stm32cube.ide.mcu.externaltools.gnu-tools-for-stm32.13.3.rel1.linux64_1.0.0.202410170706/tools/bin/../lib/gcc/arm-none-eabi/13.3.1/../../../../arm-none-eabi/lib/thumb/v8-m.main+fp/hard/libc_nano.a
LOAD /home/tomas/st/stm32cubeide_1.18.1/plugins/com.st.stm32cube.ide.mcu.externaltools.gnu-tools-for-stm32.13.3.rel1.linux64_1.0.0.202410170706/tools/bin/../lib/gcc/arm-none-eabi/13.3.1/../../../../arm-none-eabi/lib/thumb/v8-m.main+fp/hard/libm.a
END GROUP
START GROUP
LOAD /home/tomas/st/stm32cubeide_1.18.1/plugins/com.st.stm32cube.ide.mcu.externaltools.gnu-tools-for-stm32.13.3.rel1.linux64_1.0.0.202410170706/tools/bin/../lib/gcc/arm-none-eabi/13.3.1/thumb/v8-m.main+fp/hard/libgcc.a
LOAD /home/tomas/st/stm32cubeide_1.18.1/plugins/com.st.stm32cube.ide.mcu.externaltools.gnu-tools-for-stm32.13.3.rel1.linux64_1.0.0.202410170706/tools/bin/../lib/gcc/arm-none-eabi/13.3.1/../../../../arm-none-eabi/lib/thumb/v8-m.main+fp/hard/libc_nano.a
END GROUP
START GROUP
LOAD /home/tomas/st/stm32cubeide_1.18.1/plugins/com.st.stm32cube.ide.mcu.externaltools.gnu-tools-for-stm32.13.3.rel1.linux64_1.0.0.202410170706/tools/bin/../lib/gcc/arm-none-eabi/13.3.1/thumb/v8-m.main+fp/hard/libgcc.a
LOAD /home/tomas/st/stm32cubeide_1.18.1/plugins/com.st.stm32cube.ide.mcu.externaltools.gnu-tools-for-stm32.13.3.rel1.linux64_1.0.0.202410170706/tools/bin/../lib/gcc/arm-none-eabi/13.3.1/../../../../arm-none-eabi/lib/thumb/v8-m.main+fp/hard/libc_nano.a
LOAD /home/tomas/st/stm32cubeide_1.18.1/plugins/com.st.stm32cube.ide.mcu.externaltools.gnu-tools-for-stm32.13.3.rel1.linux64_1.0.0.202410170706/tools/bin/../lib/gcc/arm-none-eabi/13.3.1/../../../../arm-none-eabi/lib/thumb/v8-m.main+fp/hard/libnosys.a
END GROUP
START GROUP
LOAD /home/tomas/st/stm32cubeide_1.18.1/plugins/com.st.stm32cube.ide.mcu.externaltools.gnu-tools-for-stm32.13.3.rel1.linux64_1.0.0.202410170706/tools/bin/../lib/gcc/arm-none-eabi/13.3.1/thumb/v8-m.main+fp/hard/libgcc.a
LOAD /home/tomas/st/stm32cubeide_1.18.1/plugins/com.st.stm32cube.ide.mcu.externaltools.gnu-tools-for-stm32.13.3.rel1.linux64_1.0.0.202410170706/tools/bin/../lib/gcc/arm-none-eabi/13.3.1/../../../../arm-none-eabi/lib/thumb/v8-m.main+fp/hard/libc_nano.a
LOAD /home/tomas/st/stm32cubeide_1.18.1/plugins/com.st.stm32cube.ide.mcu.externaltools.gnu-tools-for-stm32.13.3.rel1.linux64_1.0.0.202410170706/tools/bin/../lib/gcc/arm-none-eabi/13.3.1/../../../../arm-none-eabi/lib/thumb/v8-m.main+fp/hard/libnosys.a
END GROUP
LOAD /home/tomas/st/stm32cubeide_1.18.1/plugins/com.st.stm32cube.ide.mcu.externaltools.gnu-tools-for-stm32.13.3.rel1.linux64_1.0.0.202410170706/tools/bin/../lib/gcc/arm-none-eabi/13.3.1/thumb/v8-m.main+fp/hard/crtend.o
LOAD /home/tomas/st/stm32cubeide_1.18.1/plugins/com.st.stm32cube.ide.mcu.externaltools.gnu-tools-for-stm32.13.3.rel1.linux64_1.0.0.202410170706/tools/bin/../lib/gcc/arm-none-eabi/13.3.1/thumb/v8-m.main+fp/hard/crtn.o
                0x200c0000                        _estack = (ORIGIN (RAM) + LENGTH (RAM))
                0x00000200                        _Min_Heap_Size = 0x200
                0x00000400                        _Min_Stack_Size = 0x400

.isr_vector     0x08000000      0x238
 *(.isr_vector)
 .isr_vector    0x08000000      0x238 ./Core/Startup/startup_stm32u585aiixq.o
                0x08000000                g_pfnVectors

.text           0x08000238     0x938c
 *(.text)
 .text          0x08000238       0x40 /home/tomas/st/stm32cubeide_1.18.1/plugins/com.st.stm32cube.ide.mcu.externaltools.gnu-tools-for-stm32.13.3.rel1.linux64_1.0.0.202410170706/tools/bin/../lib/gcc/arm-none-eabi/13.3.1/thumb/v8-m.main+fp/hard/crtbegin.o
 .text          0x08000278       0x30 /home/tomas/st/stm32cubeide_1.18.1/plugins/com.st.stm32cube.ide.mcu.externaltools.gnu-tools-for-stm32.13.3.rel1.linux64_1.0.0.202410170706/tools/bin/../lib/gcc/arm-none-eabi/13.3.1/thumb/v8-m.main+fp/hard/libgcc.a(_aeabi_uldivmod.o)
                0x08000278                __aeabi_uldivmod
 .text          0x080002a8      0x348 /home/tomas/st/stm32cubeide_1.18.1/plugins/com.st.stm32cube.ide.mcu.externaltools.gnu-tools-for-stm32.13.3.rel1.linux64_1.0.0.202410170706/tools/bin/../lib/gcc/arm-none-eabi/13.3.1/thumb/v8-m.main+fp/hard/libgcc.a(_udivmoddi4.o)
                0x080002a8                __udivmoddi4
 .text          0x080005f0        0x4 /home/tomas/st/stm32cubeide_1.18.1/plugins/com.st.stm32cube.ide.mcu.externaltools.gnu-tools-for-stm32.13.3.rel1.linux64_1.0.0.202410170706/tools/bin/../lib/gcc/arm-none-eabi/13.3.1/thumb/v8-m.main+fp/hard/libgcc.a(_dvmd_tls.o)
                0x080005f0                __aeabi_ldiv0
                0x080005f0                __aeabi_idiv0
 *(.text*)
 .text.LL_AHB2_GRP1_EnableClock
                0x080005f4       0x38 ./Core/Src/main.o
 .text.LL_APB1_GRP2_EnableClock
                0x0800062c       0x38 ./Core/Src/main.o
 .text.main     0x08000664       0x44 ./Core/Src/main.o
                0x08000664                main
 .text.SystemClock_Config
                0x080006a8       0xc8 ./Core/Src/main.o
                0x080006a8                SystemClock_Config
 .text.SystemPower_Config
                0x08000770       0x1c ./Core/Src/main.o
 .text.MX_ADF1_Init
                0x0800078c       0x9c ./Core/Src/main.o
 .text.MX_I2C1_Init
                0x08000828       0x80 ./Core/Src/main.o
 .text.MX_I2C2_Init
                0x080008a8       0x80 ./Core/Src/main.o
 .text.MX_ICACHE_Init
                0x08000928       0x26 ./Core/Src/main.o
 *fill*         0x0800094e        0x2 
 .text.MX_OCTOSPI1_Init
                0x08000950       0xf4 ./Core/Src/main.o
 .text.MX_OCTOSPI2_Init
                0x08000a44       0xf8 ./Core/Src/main.o
 .text.MX_SPI2_Init
                0x08000b3c       0xdc ./Core/Src/main.o
 .text.MX_UART4_Init
                0x08000c18       0x98 ./Core/Src/main.o
 .text.MX_USART1_UART_Init
                0x08000cb0       0x98 ./Core/Src/main.o
 .text.MX_UCPD1_Init
                0x08000d48       0x6c ./Core/Src/main.o
 .text.MX_USB_OTG_FS_PCD_Init
                0x08000db4       0x64 ./Core/Src/main.o
 .text.MX_GPIO_Init
                0x08000e18      0x2c4 ./Core/Src/main.o
 .text.Error_Handler
                0x080010dc        0xc ./Core/Src/main.o
                0x080010dc                Error_Handler
 .text.HAL_MspInit
                0x080010e8       0x38 ./Core/Src/stm32u5xx_hal_msp.o
                0x080010e8                HAL_MspInit
 .text.HAL_MDF_MspInit
                0x08001120       0xd4 ./Core/Src/stm32u5xx_hal_msp.o
                0x08001120                HAL_MDF_MspInit
 .text.HAL_I2C_MspInit
                0x080011f4      0x174 ./Core/Src/stm32u5xx_hal_msp.o
                0x080011f4                HAL_I2C_MspInit
 .text.HAL_OSPI_MspInit
                0x08001368      0x4d4 ./Core/Src/stm32u5xx_hal_msp.o
                0x08001368                HAL_OSPI_MspInit
 .text.HAL_SPI_MspInit
                0x0800183c      0x120 ./Core/Src/stm32u5xx_hal_msp.o
                0x0800183c                HAL_SPI_MspInit
 .text.HAL_UART_MspInit
                0x0800195c      0x170 ./Core/Src/stm32u5xx_hal_msp.o
                0x0800195c                HAL_UART_MspInit
 .text.HAL_PCD_MspInit
                0x08001acc      0x118 ./Core/Src/stm32u5xx_hal_msp.o
                0x08001acc                HAL_PCD_MspInit
 .text.NMI_Handler
                0x08001be4        0x8 ./Core/Src/stm32u5xx_it.o
                0x08001be4                NMI_Handler
 .text.HardFault_Handler
                0x08001bec        0x8 ./Core/Src/stm32u5xx_it.o
                0x08001bec                HardFault_Handler
 .text.MemManage_Handler
                0x08001bf4        0x8 ./Core/Src/stm32u5xx_it.o
                0x08001bf4                MemManage_Handler
 .text.BusFault_Handler
                0x08001bfc        0x8 ./Core/Src/stm32u5xx_it.o
                0x08001bfc                BusFault_Handler
 .text.UsageFault_Handler
                0x08001c04        0x8 ./Core/Src/stm32u5xx_it.o
                0x08001c04                UsageFault_Handler
 .text.SVC_Handler
                0x08001c0c        0xe ./Core/Src/stm32u5xx_it.o
                0x08001c0c                SVC_Handler
 .text.DebugMon_Handler
                0x08001c1a        0xe ./Core/Src/stm32u5xx_it.o
                0x08001c1a                DebugMon_Handler
 .text.PendSV_Handler
                0x08001c28        0xe ./Core/Src/stm32u5xx_it.o
                0x08001c28                PendSV_Handler
 .text.SysTick_Handler
                0x08001c36        0xc ./Core/Src/stm32u5xx_it.o
                0x08001c36                SysTick_Handler
 *fill*         0x08001c42        0x2 
 .text.SystemInit
                0x08001c44       0x70 ./Core/Src/system_stm32u5xx.o
                0x08001c44                SystemInit
 .text.Reset_Handler
                0x08001cb4       0x50 ./Core/Startup/startup_stm32u585aiixq.o
                0x08001cb4                Reset_Handler
 .text.Default_Handler
                0x08001d04        0x2 ./Core/Startup/startup_stm32u585aiixq.o
                0x08001d04                EXTI2_IRQHandler
                0x08001d04                TIM8_TRG_COM_IRQHandler
                0x08001d04                TIM8_CC_IRQHandler
                0x08001d04                EXTI5_IRQHandler
                0x08001d04                FLASH_S_IRQHandler
                0x08001d04                EXTI13_IRQHandler
                0x08001d04                TIM1_CC_IRQHandler
                0x08001d04                TSC_IRQHandler
                0x08001d04                TAMP_IRQHandler
                0x08001d04                TIM6_IRQHandler
                0x08001d04                EXTI12_IRQHandler
                0x08001d04                CORDIC_IRQHandler
                0x08001d04                EXTI3_IRQHandler
                0x08001d04                LPTIM4_IRQHandler
                0x08001d04                GPDMA1_Channel5_IRQHandler
                0x08001d04                EXTI8_IRQHandler
                0x08001d04                LPTIM2_IRQHandler
                0x08001d04                I2C3_ER_IRQHandler
                0x08001d04                PWR_S3WU_IRQHandler
                0x08001d04                MDF1_FLT2_IRQHandler
                0x08001d04                LPDMA1_Channel3_IRQHandler
                0x08001d04                LPTIM3_IRQHandler
                0x08001d04                EXTI0_IRQHandler
                0x08001d04                I2C2_EV_IRQHandler
                0x08001d04                FPU_IRQHandler
                0x08001d04                GPDMA1_Channel3_IRQHandler
                0x08001d04                GPDMA1_Channel7_IRQHandler
                0x08001d04                MDF1_FLT4_IRQHandler
                0x08001d04                FDCAN1_IT1_IRQHandler
                0x08001d04                RAMCFG_IRQHandler
                0x08001d04                GPDMA1_Channel9_IRQHandler
                0x08001d04                DCACHE1_IRQHandler
                0x08001d04                SPI1_IRQHandler
                0x08001d04                OCTOSPI1_IRQHandler
                0x08001d04                GPDMA1_Channel2_IRQHandler
                0x08001d04                TIM8_UP_IRQHandler
                0x08001d04                RCC_S_IRQHandler
                0x08001d04                OCTOSPI2_IRQHandler
                0x08001d04                SAI2_IRQHandler
                0x08001d04                MDF1_FLT1_IRQHandler
                0x08001d04                ADC1_IRQHandler
                0x08001d04                PKA_IRQHandler
                0x08001d04                MDF1_FLT5_IRQHandler
                0x08001d04                EXTI15_IRQHandler
                0x08001d04                TIM17_IRQHandler
                0x08001d04                USART3_IRQHandler
                0x08001d04                RTC_IRQHandler
                0x08001d04                EXTI9_IRQHandler
                0x08001d04                UART5_IRQHandler
                0x08001d04                TIM4_IRQHandler
                0x08001d04                I2C1_EV_IRQHandler
                0x08001d04                GPDMA1_Channel12_IRQHandler
                0x08001d04                GPDMA1_Channel1_IRQHandler
                0x08001d04                TIM16_IRQHandler
                0x08001d04                GPDMA1_Channel15_IRQHandler
                0x08001d04                UART4_IRQHandler
                0x08001d04                SecureFault_Handler
                0x08001d04                TIM3_IRQHandler
                0x08001d04                RCC_IRQHandler
                0x08001d04                TIM1_TRG_COM_IRQHandler
                0x08001d04                Default_Handler
                0x08001d04                GPDMA1_Channel8_IRQHandler
                0x08001d04                FMAC_IRQHandler
                0x08001d04                OTFDEC1_IRQHandler
                0x08001d04                GPDMA1_Channel11_IRQHandler
                0x08001d04                TIM7_IRQHandler
                0x08001d04                SDMMC1_IRQHandler
                0x08001d04                SAES_IRQHandler
                0x08001d04                TIM5_IRQHandler
                0x08001d04                UCPD1_IRQHandler
                0x08001d04                GPDMA1_Channel0_IRQHandler
                0x08001d04                TIM15_IRQHandler
                0x08001d04                I2C3_EV_IRQHandler
                0x08001d04                LPDMA1_Channel0_IRQHandler
                0x08001d04                PVD_PVM_IRQHandler
                0x08001d04                SPI2_IRQHandler
                0x08001d04                LPDMA1_Channel1_IRQHandler
                0x08001d04                EXTI14_IRQHandler
                0x08001d04                EXTI11_IRQHandler
                0x08001d04                OTFDEC2_IRQHandler
                0x08001d04                CRS_IRQHandler
                0x08001d04                GPDMA1_Channel14_IRQHandler
                0x08001d04                LSECSSD_IRQHandler
                0x08001d04                EXTI4_IRQHandler
                0x08001d04                RTC_S_IRQHandler
                0x08001d04                GPDMA1_Channel13_IRQHandler
                0x08001d04                RNG_IRQHandler
                0x08001d04                COMP_IRQHandler
                0x08001d04                TIM1_UP_IRQHandler
                0x08001d04                ADC4_IRQHandler
                0x08001d04                WWDG_IRQHandler
                0x08001d04                I2C4_EV_IRQHandler
                0x08001d04                ADF1_IRQHandler
                0x08001d04                IWDG_IRQHandler
                0x08001d04                LPUART1_IRQHandler
                0x08001d04                MDF1_FLT0_IRQHandler
                0x08001d04                FDCAN1_IT0_IRQHandler
                0x08001d04                TIM2_IRQHandler
                0x08001d04                GPDMA1_Channel4_IRQHandler
                0x08001d04                EXTI7_IRQHandler
                0x08001d04                DMA2D_IRQHandler
                0x08001d04                TIM1_BRK_IRQHandler
                0x08001d04                EXTI1_IRQHandler
                0x08001d04                SDMMC2_IRQHandler
                0x08001d04                AES_IRQHandler
                0x08001d04                DAC1_IRQHandler
                0x08001d04                GTZC_IRQHandler
                0x08001d04                MDF1_FLT3_IRQHandler
                0x08001d04                USART2_IRQHandler
                0x08001d04                GPDMA1_Channel6_IRQHandler
                0x08001d04                I2C2_ER_IRQHandler
                0x08001d04                TIM8_BRK_IRQHandler
                0x08001d04                FLASH_IRQHandler
                0x08001d04                USART1_IRQHandler
                0x08001d04                EXTI10_IRQHandler
                0x08001d04                OTG_FS_IRQHandler
                0x08001d04                SPI3_IRQHandler
                0x08001d04                LPDMA1_Channel2_IRQHandler
                0x08001d04                I2C1_ER_IRQHandler
                0x08001d04                FMC_IRQHandler
                0x08001d04                EXTI6_IRQHandler
                0x08001d04                LPTIM1_IRQHandler
                0x08001d04                DCMI_PSSI_IRQHandler
                0x08001d04                I2C4_ER_IRQHandler
                0x08001d04                GPDMA1_Channel10_IRQHandler
                0x08001d04                ICACHE_IRQHandler
                0x08001d04                SAI1_IRQHandler
                0x08001d04                HASH_IRQHandler
 *fill*         0x08001d06        0x2 
 .text.HAL_Init
                0x08001d08       0x60 ./Drivers/STM32U5xx_HAL_Driver/Src/stm32u5xx_hal.o
                0x08001d08                HAL_Init
 .text.HAL_InitTick
                0x08001d68       0xec ./Drivers/STM32U5xx_HAL_Driver/Src/stm32u5xx_hal.o
                0x08001d68                HAL_InitTick
 .text.HAL_IncTick
                0x08001e54       0x28 ./Drivers/STM32U5xx_HAL_Driver/Src/stm32u5xx_hal.o
                0x08001e54                HAL_IncTick
 .text.HAL_GetTick
                0x08001e7c       0x18 ./Drivers/STM32U5xx_HAL_Driver/Src/stm32u5xx_hal.o
                0x08001e7c                HAL_GetTick
 .text.HAL_Delay
                0x08001e94       0x48 ./Drivers/STM32U5xx_HAL_Driver/Src/stm32u5xx_hal.o
                0x08001e94                HAL_Delay
 .text.__NVIC_SetPriorityGrouping
                0x08001edc       0x48 ./Drivers/STM32U5xx_HAL_Driver/Src/stm32u5xx_hal_cortex.o
 .text.__NVIC_GetPriorityGrouping
                0x08001f24       0x1c ./Drivers/STM32U5xx_HAL_Driver/Src/stm32u5xx_hal_cortex.o
 .text.__NVIC_SetPriority
                0x08001f40       0x54 ./Drivers/STM32U5xx_HAL_Driver/Src/stm32u5xx_hal_cortex.o
 .text.NVIC_EncodePriority
                0x08001f94       0x66 ./Drivers/STM32U5xx_HAL_Driver/Src/stm32u5xx_hal_cortex.o
 .text.HAL_NVIC_SetPriorityGrouping
                0x08001ffa       0x16 ./Drivers/STM32U5xx_HAL_Driver/Src/stm32u5xx_hal_cortex.o
                0x08001ffa                HAL_NVIC_SetPriorityGrouping
 .text.HAL_NVIC_SetPriority
                0x08002010       0x34 ./Drivers/STM32U5xx_HAL_Driver/Src/stm32u5xx_hal_cortex.o
                0x08002010                HAL_NVIC_SetPriority
 .text.HAL_SYSTICK_Config
                0x08002044       0x44 ./Drivers/STM32U5xx_HAL_Driver/Src/stm32u5xx_hal_cortex.o
                0x08002044                HAL_SYSTICK_Config
 .text.HAL_SYSTICK_CLKSourceConfig
                0x08002088       0xb0 ./Drivers/STM32U5xx_HAL_Driver/Src/stm32u5xx_hal_cortex.o
                0x08002088                HAL_SYSTICK_CLKSourceConfig
 .text.HAL_SYSTICK_GetCLKSourceConfig
                0x08002138       0x74 ./Drivers/STM32U5xx_HAL_Driver/Src/stm32u5xx_hal_cortex.o
                0x08002138                HAL_SYSTICK_GetCLKSourceConfig
 .text.HAL_DMA_Abort
                0x080021ac       0xf8 ./Drivers/STM32U5xx_HAL_Driver/Src/stm32u5xx_hal_dma.o
                0x080021ac                HAL_DMA_Abort
 .text.HAL_GPIO_Init
                0x080022a4      0x3b0 ./Drivers/STM32U5xx_HAL_Driver/Src/stm32u5xx_hal_gpio.o
                0x080022a4                HAL_GPIO_Init
 .text.HAL_GPIO_WritePin
                0x08002654       0x30 ./Drivers/STM32U5xx_HAL_Driver/Src/stm32u5xx_hal_gpio.o
                0x08002654                HAL_GPIO_WritePin
 .text.HAL_I2C_Init
                0x08002684      0x136 ./Drivers/STM32U5xx_HAL_Driver/Src/stm32u5xx_hal_i2c.o
                0x08002684                HAL_I2C_Init
 .text.HAL_I2CEx_ConfigAnalogFilter
                0x080027ba       0x96 ./Drivers/STM32U5xx_HAL_Driver/Src/stm32u5xx_hal_i2c_ex.o
                0x080027ba                HAL_I2CEx_ConfigAnalogFilter
 .text.HAL_I2CEx_ConfigDigitalFilter
                0x08002850       0x98 ./Drivers/STM32U5xx_HAL_Driver/Src/stm32u5xx_hal_i2c_ex.o
                0x08002850                HAL_I2CEx_ConfigDigitalFilter
 .text.HAL_ICACHE_ConfigAssociativityMode
                0x080028e8       0x40 ./Drivers/STM32U5xx_HAL_Driver/Src/stm32u5xx_hal_icache.o
                0x080028e8                HAL_ICACHE_ConfigAssociativityMode
 .text.HAL_ICACHE_Enable
                0x08002928       0x20 ./Drivers/STM32U5xx_HAL_Driver/Src/stm32u5xx_hal_icache.o
                0x08002928                HAL_ICACHE_Enable
 .text.HAL_MDF_Init
                0x08002948      0x2b0 ./Drivers/STM32U5xx_HAL_Driver/Src/stm32u5xx_hal_mdf.o
                0x08002948                HAL_MDF_Init
 .text.MDF_GetHandleNumberFromInstance
                0x08002bf8       0x88 ./Drivers/STM32U5xx_HAL_Driver/Src/stm32u5xx_hal_mdf.o
 .text.LL_DLYB_Enable
                0x08002c80       0x20 ./Drivers/STM32U5xx_HAL_Driver/Src/stm32u5xx_hal_ospi.o
 .text.HAL_OSPI_Init
                0x08002ca0      0x178 ./Drivers/STM32U5xx_HAL_Driver/Src/stm32u5xx_hal_ospi.o
                0x08002ca0                HAL_OSPI_Init
 .text.HAL_OSPI_Abort
                0x08002e18       0xea ./Drivers/STM32U5xx_HAL_Driver/Src/stm32u5xx_hal_ospi.o
                0x08002e18                HAL_OSPI_Abort
 .text.HAL_OSPI_SetTimeout
                0x08002f02       0x1e ./Drivers/STM32U5xx_HAL_Driver/Src/stm32u5xx_hal_ospi.o
                0x08002f02                HAL_OSPI_SetTimeout
 .text.HAL_OSPIM_Config
                0x08002f20      0x9ec ./Drivers/STM32U5xx_HAL_Driver/Src/stm32u5xx_hal_ospi.o
                0x08002f20                HAL_OSPIM_Config
 .text.OSPI_WaitFlagStateUntilTimeout
                0x0800390c       0x7e ./Drivers/STM32U5xx_HAL_Driver/Src/stm32u5xx_hal_ospi.o
 *fill*         0x0800398a        0x2 
 .text.OSPIM_GetConfig
                0x0800398c      0x174 ./Drivers/STM32U5xx_HAL_Driver/Src/stm32u5xx_hal_ospi.o
 .text.HAL_OSPI_DLYB_SetConfig
                0x08003b00       0x90 ./Drivers/STM32U5xx_HAL_Driver/Src/stm32u5xx_hal_ospi.o
                0x08003b00                HAL_OSPI_DLYB_SetConfig
 .text.HAL_PCD_Init
                0x08003b90      0x230 ./Drivers/STM32U5xx_HAL_Driver/Src/stm32u5xx_hal_pcd.o
                0x08003b90                HAL_PCD_Init
 .text.HAL_PCDEx_ActivateLPM
                0x08003dc0       0x48 ./Drivers/STM32U5xx_HAL_Driver/Src/stm32u5xx_hal_pcd_ex.o
                0x08003dc0                HAL_PCDEx_ActivateLPM
 .text.HAL_PWREx_ControlVoltageScaling
                0x08003e08       0xfc ./Drivers/STM32U5xx_HAL_Driver/Src/stm32u5xx_hal_pwr_ex.o
                0x08003e08                HAL_PWREx_ControlVoltageScaling
 .text.HAL_PWREx_GetVoltageRange
                0x08003f04       0x1c ./Drivers/STM32U5xx_HAL_Driver/Src/stm32u5xx_hal_pwr_ex.o
                0x08003f04                HAL_PWREx_GetVoltageRange
 .text.HAL_PWREx_ConfigSupply
                0x08003f20       0xa0 ./Drivers/STM32U5xx_HAL_Driver/Src/stm32u5xx_hal_pwr_ex.o
                0x08003f20                HAL_PWREx_ConfigSupply
 .text.HAL_PWREx_EnableVddUSB
                0x08003fc0       0x20 ./Drivers/STM32U5xx_HAL_Driver/Src/stm32u5xx_hal_pwr_ex.o
                0x08003fc0                HAL_PWREx_EnableVddUSB
 .text.HAL_PWREx_EnableVddIO2
                0x08003fe0       0x20 ./Drivers/STM32U5xx_HAL_Driver/Src/stm32u5xx_hal_pwr_ex.o
                0x08003fe0                HAL_PWREx_EnableVddIO2
 .text.HAL_RCC_OscConfig
                0x08004000      0xdb8 ./Drivers/STM32U5xx_HAL_Driver/Src/stm32u5xx_hal_rcc.o
                0x08004000                HAL_RCC_OscConfig
 .text.HAL_RCC_ClockConfig
                0x08004db8      0x3e4 ./Drivers/STM32U5xx_HAL_Driver/Src/stm32u5xx_hal_rcc.o
                0x08004db8                HAL_RCC_ClockConfig
 .text.HAL_RCC_GetSysClockFreq
                0x0800519c      0x204 ./Drivers/STM32U5xx_HAL_Driver/Src/stm32u5xx_hal_rcc.o
                0x0800519c                HAL_RCC_GetSysClockFreq
 .text.HAL_RCC_GetHCLKFreq
                0x080053a0       0x34 ./Drivers/STM32U5xx_HAL_Driver/Src/stm32u5xx_hal_rcc.o
                0x080053a0                HAL_RCC_GetHCLKFreq
 .text.HAL_RCC_GetPCLK1Freq
                0x080053d4       0x28 ./Drivers/STM32U5xx_HAL_Driver/Src/stm32u5xx_hal_rcc.o
                0x080053d4                HAL_RCC_GetPCLK1Freq
 .text.HAL_RCC_GetPCLK2Freq
                0x080053fc       0x28 ./Drivers/STM32U5xx_HAL_Driver/Src/stm32u5xx_hal_rcc.o
                0x080053fc                HAL_RCC_GetPCLK2Freq
 .text.HAL_RCC_GetPCLK3Freq
                0x08005424       0x28 ./Drivers/STM32U5xx_HAL_Driver/Src/stm32u5xx_hal_rcc.o
                0x08005424                HAL_RCC_GetPCLK3Freq
 .text.RCC_SetFlashLatencyFromMSIRange
                0x0800544c      0x10c ./Drivers/STM32U5xx_HAL_Driver/Src/stm32u5xx_hal_rcc.o
 .text.HAL_RCCEx_PeriphCLKConfig
                0x08005558      0xb80 ./Drivers/STM32U5xx_HAL_Driver/Src/stm32u5xx_hal_rcc_ex.o
                0x08005558                HAL_RCCEx_PeriphCLKConfig
 .text.HAL_RCCEx_GetPLL1ClockFreq
                0x080060d8      0x2b4 ./Drivers/STM32U5xx_HAL_Driver/Src/stm32u5xx_hal_rcc_ex.o
                0x080060d8                HAL_RCCEx_GetPLL1ClockFreq
 .text.HAL_RCCEx_GetPLL2ClockFreq
                0x0800638c      0x2b4 ./Drivers/STM32U5xx_HAL_Driver/Src/stm32u5xx_hal_rcc_ex.o
                0x0800638c                HAL_RCCEx_GetPLL2ClockFreq
 .text.HAL_RCCEx_GetPLL3ClockFreq
                0x08006640      0x2b4 ./Drivers/STM32U5xx_HAL_Driver/Src/stm32u5xx_hal_rcc_ex.o
                0x08006640                HAL_RCCEx_GetPLL3ClockFreq
 .text.HAL_RCCEx_GetPeriphCLKFreq
                0x080068f4     0x13c4 ./Drivers/STM32U5xx_HAL_Driver/Src/stm32u5xx_hal_rcc_ex.o
                0x080068f4                HAL_RCCEx_GetPeriphCLKFreq
 .text.RCCEx_PLL2_Config
                0x08007cb8      0x130 ./Drivers/STM32U5xx_HAL_Driver/Src/stm32u5xx_hal_rcc_ex.o
 .text.RCCEx_PLL3_Config
                0x08007de8      0x130 ./Drivers/STM32U5xx_HAL_Driver/Src/stm32u5xx_hal_rcc_ex.o
 .text.HAL_SPI_Init
                0x08007f18      0x22c ./Drivers/STM32U5xx_HAL_Driver/Src/stm32u5xx_hal_spi.o
                0x08007f18                HAL_SPI_Init
 .text.SPI_GetPacketSize
                0x08008144       0x36 ./Drivers/STM32U5xx_HAL_Driver/Src/stm32u5xx_hal_spi.o
 .text.HAL_SPIEx_SetConfigAutonomousMode
                0x0800817a       0x82 ./Drivers/STM32U5xx_HAL_Driver/Src/stm32u5xx_hal_spi_ex.o
                0x0800817a                HAL_SPIEx_SetConfigAutonomousMode
 .text.HAL_UART_Init
                0x080081fc       0xa0 ./Drivers/STM32U5xx_HAL_Driver/Src/stm32u5xx_hal_uart.o
                0x080081fc                HAL_UART_Init
 .text.UART_SetConfig
                0x0800829c      0x344 ./Drivers/STM32U5xx_HAL_Driver/Src/stm32u5xx_hal_uart.o
                0x0800829c                UART_SetConfig
 .text.UART_AdvFeatureConfig
                0x080085e0      0x144 ./Drivers/STM32U5xx_HAL_Driver/Src/stm32u5xx_hal_uart.o
                0x080085e0                UART_AdvFeatureConfig
 .text.UART_CheckIdleState
                0x08008724      0x154 ./Drivers/STM32U5xx_HAL_Driver/Src/stm32u5xx_hal_uart.o
                0x08008724                UART_CheckIdleState
 .text.UART_WaitOnFlagUntilTimeout
                0x08008878       0xda ./Drivers/STM32U5xx_HAL_Driver/Src/stm32u5xx_hal_uart.o
                0x08008878                UART_WaitOnFlagUntilTimeout
 .text.UART_EndRxTransfer
                0x08008952       0xcc ./Drivers/STM32U5xx_HAL_Driver/Src/stm32u5xx_hal_uart.o
 .text.HAL_UARTEx_DisableFifoMode
                0x08008a1e       0x72 ./Drivers/STM32U5xx_HAL_Driver/Src/stm32u5xx_hal_uart_ex.o
                0x08008a1e                HAL_UARTEx_DisableFifoMode
 .text.HAL_UARTEx_SetTxFifoThreshold
                0x08008a90       0x7c ./Drivers/STM32U5xx_HAL_Driver/Src/stm32u5xx_hal_uart_ex.o
                0x08008a90                HAL_UARTEx_SetTxFifoThreshold
 .text.HAL_UARTEx_SetRxFifoThreshold
                0x08008b0c       0x7c ./Drivers/STM32U5xx_HAL_Driver/Src/stm32u5xx_hal_uart_ex.o
                0x08008b0c                HAL_UARTEx_SetRxFifoThreshold
 .text.UARTEx_SetNbDataToProcess
                0x08008b88       0x9c ./Drivers/STM32U5xx_HAL_Driver/Src/stm32u5xx_hal_uart_ex.o
 .text.LL_DLYB_SetDelay
                0x08008c24       0x3e ./Drivers/STM32U5xx_HAL_Driver/Src/stm32u5xx_ll_dlyb.o
                0x08008c24                LL_DLYB_SetDelay
 .text.LL_GPIO_SetPinMode
                0x08008c62       0x7a ./Drivers/STM32U5xx_HAL_Driver/Src/stm32u5xx_ll_gpio.o
 .text.LL_GPIO_SetPinOutputType
                0x08008cdc       0x30 ./Drivers/STM32U5xx_HAL_Driver/Src/stm32u5xx_ll_gpio.o
 .text.LL_GPIO_SetPinSpeed
                0x08008d0c       0x7a ./Drivers/STM32U5xx_HAL_Driver/Src/stm32u5xx_ll_gpio.o
 .text.LL_GPIO_SetPinPull
                0x08008d86       0x7a ./Drivers/STM32U5xx_HAL_Driver/Src/stm32u5xx_ll_gpio.o
 .text.LL_GPIO_SetAFPin_0_7
                0x08008e00       0x7a ./Drivers/STM32U5xx_HAL_Driver/Src/stm32u5xx_ll_gpio.o
 .text.LL_GPIO_SetAFPin_8_15
                0x08008e7a       0x7e ./Drivers/STM32U5xx_HAL_Driver/Src/stm32u5xx_ll_gpio.o
 .text.LL_GPIO_Init
                0x08008ef8       0xfc ./Drivers/STM32U5xx_HAL_Driver/Src/stm32u5xx_ll_gpio.o
                0x08008ef8                LL_GPIO_Init
 .text.USB_CoreInit
                0x08008ff4       0x5a ./Drivers/STM32U5xx_HAL_Driver/Src/stm32u5xx_ll_usb.o
                0x08008ff4                USB_CoreInit
 .text.USB_DisableGlobalInt
                0x0800904e       0x22 ./Drivers/STM32U5xx_HAL_Driver/Src/stm32u5xx_ll_usb.o
                0x0800904e                USB_DisableGlobalInt
 .text.USB_SetCurrentMode
                0x08009070       0x98 ./Drivers/STM32U5xx_HAL_Driver/Src/stm32u5xx_ll_usb.o
                0x08009070                USB_SetCurrentMode
 .text.USB_DevInit
                0x08009108      0x298 ./Drivers/STM32U5xx_HAL_Driver/Src/stm32u5xx_ll_usb.o
                0x08009108                USB_DevInit
 .text.USB_FlushTxFifo
                0x080093a0       0x64 ./Drivers/STM32U5xx_HAL_Driver/Src/stm32u5xx_ll_usb.o
                0x080093a0                USB_FlushTxFifo
 .text.USB_FlushRxFifo
                0x08009404       0x5c ./Drivers/STM32U5xx_HAL_Driver/Src/stm32u5xx_ll_usb.o
                0x08009404                USB_FlushRxFifo
 .text.USB_SetDevSpeed
                0x08009460       0x32 ./Drivers/STM32U5xx_HAL_Driver/Src/stm32u5xx_ll_usb.o
                0x08009460                USB_SetDevSpeed
 .text.USB_DevDisconnect
                0x08009492       0x42 ./Drivers/STM32U5xx_HAL_Driver/Src/stm32u5xx_ll_usb.o
                0x08009492                USB_DevDisconnect
 .text.USB_GetMode
                0x080094d4       0x1c ./Drivers/STM32U5xx_HAL_Driver/Src/stm32u5xx_ll_usb.o
                0x080094d4                USB_GetMode
 .text.USB_CoreReset
                0x080094f0       0x62 ./Drivers/STM32U5xx_HAL_Driver/Src/stm32u5xx_ll_usb.o
 .text.memset   0x08009552       0x10 /home/tomas/st/stm32cubeide_1.18.1/plugins/com.st.stm32cube.ide.mcu.externaltools.gnu-tools-for-stm32.13.3.rel1.linux64_1.0.0.202410170706/tools/bin/../lib/gcc/arm-none-eabi/13.3.1/../../../../arm-none-eabi/lib/thumb/v8-m.main+fp/hard/libc_nano.a(libc_a-memset.o)
                0x08009552                memset
 *fill*         0x08009562        0x2 
 .text.__libc_init_array
                0x08009564       0x48 /home/tomas/st/stm32cubeide_1.18.1/plugins/com.st.stm32cube.ide.mcu.externaltools.gnu-tools-for-stm32.13.3.rel1.linux64_1.0.0.202410170706/tools/bin/../lib/gcc/arm-none-eabi/13.3.1/../../../../arm-none-eabi/lib/thumb/v8-m.main+fp/hard/libc_nano.a(libc_a-init.o)
                0x08009564                __libc_init_array
 *(.glue_7)
 .glue_7        0x080095ac        0x0 linker stubs
 *(.glue_7t)
 .glue_7t       0x080095ac        0x0 linker stubs
 *(.eh_frame)
 .eh_frame      0x080095ac        0x0 /home/tomas/st/stm32cubeide_1.18.1/plugins/com.st.stm32cube.ide.mcu.externaltools.gnu-tools-for-stm32.13.3.rel1.linux64_1.0.0.202410170706/tools/bin/../lib/gcc/arm-none-eabi/13.3.1/thumb/v8-m.main+fp/hard/crtbegin.o
 *(.init)
 .init          0x080095ac        0x4 /home/tomas/st/stm32cubeide_1.18.1/plugins/com.st.stm32cube.ide.mcu.externaltools.gnu-tools-for-stm32.13.3.rel1.linux64_1.0.0.202410170706/tools/bin/../lib/gcc/arm-none-eabi/13.3.1/thumb/v8-m.main+fp/hard/crti.o
                0x080095ac                _init
 .init          0x080095b0        0x8 /home/tomas/st/stm32cubeide_1.18.1/plugins/com.st.stm32cube.ide.mcu.externaltools.gnu-tools-for-stm32.13.3.rel1.linux64_1.0.0.202410170706/tools/bin/../lib/gcc/arm-none-eabi/13.3.1/thumb/v8-m.main+fp/hard/crtn.o
 *(.fini)
 .fini          0x080095b8        0x4 /home/tomas/st/stm32cubeide_1.18.1/plugins/com.st.stm32cube.ide.mcu.externaltools.gnu-tools-for-stm32.13.3.rel1.linux64_1.0.0.202410170706/tools/bin/../lib/gcc/arm-none-eabi/13.3.1/thumb/v8-m.main+fp/hard/crti.o
                0x080095b8                _fini
 .fini          0x080095bc        0x8 /home/tomas/st/stm32cubeide_1.18.1/plugins/com.st.stm32cube.ide.mcu.externaltools.gnu-tools-for-stm32.13.3.rel1.linux64_1.0.0.202410170706/tools/bin/../lib/gcc/arm-none-eabi/13.3.1/thumb/v8-m.main+fp/hard/crtn.o
                0x080095c4                        _etext = .

.vfp11_veneer   0x080095c4        0x0
 .vfp11_veneer  0x080095c4        0x0 linker stubs

.v4_bx          0x080095c4        0x0
 .v4_bx         0x080095c4        0x0 linker stubs

.iplt           0x080095c4        0x0
 .iplt          0x080095c4        0x0 /home/tomas/st/stm32cubeide_1.18.1/plugins/com.st.stm32cube.ide.mcu.externaltools.gnu-tools-for-stm32.13.3.rel1.linux64_1.0.0.202410170706/tools/bin/../lib/gcc/arm-none-eabi/13.3.1/thumb/v8-m.main+fp/hard/crtbegin.o

.rodata         0x080095c4      0x100
 *(.rodata)
 *(.rodata*)
 .rodata.AHBPrescTable
                0x080095c4       0x10 ./Core/Src/system_stm32u5xx.o
                0x080095c4                AHBPrescTable
 .rodata.APBPrescTable
                0x080095d4        0x8 ./Core/Src/system_stm32u5xx.o
                0x080095d4                APBPrescTable
 .rodata.MSIRangeTable
                0x080095dc       0x40 ./Core/Src/system_stm32u5xx.o
                0x080095dc                MSIRangeTable
 .rodata.LPGPIO_Map
                0x0800961c       0x80 ./Drivers/STM32U5xx_HAL_Driver/Src/stm32u5xx_hal_gpio.o
 .rodata.UARTPrescTable
                0x0800969c       0x18 ./Drivers/STM32U5xx_HAL_Driver/Src/stm32u5xx_hal_uart.o
                0x0800969c                UARTPrescTable
 .rodata.numerator.1
                0x080096b4        0x8 ./Drivers/STM32U5xx_HAL_Driver/Src/stm32u5xx_hal_uart_ex.o
 .rodata.denominator.0
                0x080096bc        0x8 ./Drivers/STM32U5xx_HAL_Driver/Src/stm32u5xx_hal_uart_ex.o

.ARM.extab
 *(.ARM.extab* .gnu.linkonce.armextab.*)

.ARM            0x080096c4        0x8
                0x080096c4                        __exidx_start = .
 *(.ARM.exidx*)
 .ARM.exidx     0x080096c4        0x8 /home/tomas/st/stm32cubeide_1.18.1/plugins/com.st.stm32cube.ide.mcu.externaltools.gnu-tools-for-stm32.13.3.rel1.linux64_1.0.0.202410170706/tools/bin/../lib/gcc/arm-none-eabi/13.3.1/thumb/v8-m.main+fp/hard/libgcc.a(_udivmoddi4.o)
                0x080096cc                        __exidx_end = .

.preinit_array  0x080096cc        0x0
                0x080096cc                        PROVIDE (__preinit_array_start = .)
 *(.preinit_array*)
                0x080096cc                        PROVIDE (__preinit_array_end = .)

.init_array     0x080096cc        0x4
                0x080096cc                        PROVIDE (__init_array_start = .)
 *(SORT_BY_NAME(.init_array.*))
 *(.init_array*)
 .init_array    0x080096cc        0x4 /home/tomas/st/stm32cubeide_1.18.1/plugins/com.st.stm32cube.ide.mcu.externaltools.gnu-tools-for-stm32.13.3.rel1.linux64_1.0.0.202410170706/tools/bin/../lib/gcc/arm-none-eabi/13.3.1/thumb/v8-m.main+fp/hard/crtbegin.o
                0x080096d0                        PROVIDE (__init_array_end = .)

.fini_array     0x080096d0        0x4
                [!provide]                        PROVIDE (__fini_array_start = .)
 *(SORT_BY_NAME(.fini_array.*))
 *(.fini_array*)
 .fini_array    0x080096d0        0x4 /home/tomas/st/stm32cubeide_1.18.1/plugins/com.st.stm32cube.ide.mcu.externaltools.gnu-tools-for-stm32.13.3.rel1.linux64_1.0.0.202410170706/tools/bin/../lib/gcc/arm-none-eabi/13.3.1/thumb/v8-m.main+fp/hard/crtbegin.o
                [!provide]                        PROVIDE (__fini_array_end = .)
                0x080096d4                        _sidata = LOADADDR (.data)

.rel.dyn        0x080096d4        0x0
 .rel.iplt      0x080096d4        0x0 /home/tomas/st/stm32cubeide_1.18.1/plugins/com.st.stm32cube.ide.mcu.externaltools.gnu-tools-for-stm32.13.3.rel1.linux64_1.0.0.202410170706/tools/bin/../lib/gcc/arm-none-eabi/13.3.1/thumb/v8-m.main+fp/hard/crtbegin.o

.data           0x20000000        0x9 load address 0x080096d4
                0x20000000                        _sdata = .
 *(.data)
 *(.data*)
 .data.SystemCoreClock
                0x20000000        0x4 ./Core/Src/system_stm32u5xx.o
                0x20000000                SystemCoreClock
 .data.uwTickPrio
                0x20000004        0x4 ./Drivers/STM32U5xx_HAL_Driver/Src/stm32u5xx_hal.o
                0x20000004                uwTickPrio
 .data.uwTickFreq
                0x20000008        0x1 ./Drivers/STM32U5xx_HAL_Driver/Src/stm32u5xx_hal.o
                0x20000008                uwTickFreq
 *(.RamFunc)
 *(.RamFunc*)
                0x20000009                        _edata = .

.igot.plt       0x2000000c        0x0 load address 0x080096dd
 .igot.plt      0x2000000c        0x0 /home/tomas/st/stm32cubeide_1.18.1/plugins/com.st.stm32cube.ide.mcu.externaltools.gnu-tools-for-stm32.13.3.rel1.linux64_1.0.0.202410170706/tools/bin/../lib/gcc/arm-none-eabi/13.3.1/thumb/v8-m.main+fp/hard/crtbegin.o

.bss            0x2000000c      0x904 load address 0x080096dd
                0x2000000c                        _sbss = .
                0x2000000c                        __bss_start__ = _sbss
 *(.bss)
 .bss           0x2000000c       0x1c /home/tomas/st/stm32cubeide_1.18.1/plugins/com.st.stm32cube.ide.mcu.externaltools.gnu-tools-for-stm32.13.3.rel1.linux64_1.0.0.202410170706/tools/bin/../lib/gcc/arm-none-eabi/13.3.1/thumb/v8-m.main+fp/hard/crtbegin.o
 *(.bss*)
 .bss.AdfHandle0
                0x20000028       0x44 ./Core/Src/main.o
                0x20000028                AdfHandle0
 .bss.AdfFilterConfig0
                0x2000006c       0x7c ./Core/Src/main.o
                0x2000006c                AdfFilterConfig0
 .bss.hi2c1     0x200000e8       0x54 ./Core/Src/main.o
                0x200000e8                hi2c1
 .bss.hi2c2     0x2000013c       0x54 ./Core/Src/main.o
                0x2000013c                hi2c2
 .bss.hospi1    0x20000190       0x5c ./Core/Src/main.o
                0x20000190                hospi1
 .bss.hospi2    0x200001ec       0x5c ./Core/Src/main.o
                0x200001ec                hospi2
 .bss.hspi2     0x20000248       0x90 ./Core/Src/main.o
                0x20000248                hspi2
 .bss.huart4    0x200002d8       0x94 ./Core/Src/main.o
                0x200002d8                huart4
 .bss.huart1    0x2000036c       0x94 ./Core/Src/main.o
                0x2000036c                huart1
 .bss.hpcd_USB_OTG_FS
                0x20000400      0x4e4 ./Core/Src/main.o
                0x20000400                hpcd_USB_OTG_FS
 .bss.HAL_RCC_OSPIM_CLK_ENABLED
                0x200008e4        0x4 ./Core/Src/stm32u5xx_hal_msp.o
 .bss.uwTick    0x200008e8        0x4 ./Drivers/STM32U5xx_HAL_Driver/Src/stm32u5xx_hal.o
                0x200008e8                uwTick
 .bss.v_mdf1InstanceCounter
                0x200008ec        0x4 ./Drivers/STM32U5xx_HAL_Driver/Src/stm32u5xx_hal_mdf.o
 .bss.v_adf1InstanceCounter
                0x200008f0        0x4 ./Drivers/STM32U5xx_HAL_Driver/Src/stm32u5xx_hal_mdf.o
 .bss.a_mdfHandle
                0x200008f4       0x1c ./Drivers/STM32U5xx_HAL_Driver/Src/stm32u5xx_hal_mdf.o
 *(COMMON)
                0x20000910                        _ebss = .
                0x20000910                        __bss_end__ = _ebss

._user_heap_stack
                0x20000910      0x600 load address 0x080096dd
                0x20000910                        . = ALIGN (0x8)
                [!provide]                        PROVIDE (end = .)
                0x20000910                        PROVIDE (_end = .)
                0x20000b10                        . = (. + _Min_Heap_Size)
 *fill*         0x20000910      0x200 
                0x20000f10                        . = (. + _Min_Stack_Size)
 *fill*         0x20000b10      0x400 
                0x20000f10                        . = ALIGN (0x8)

/DISCARD/
 libc.a(*)
 libm.a(*)
 libgcc.a(*)

.ARM.attributes
                0x00000000       0x36
 *(.ARM.attributes)
 .ARM.attributes
                0x00000000       0x26 /home/tomas/st/stm32cubeide_1.18.1/plugins/com.st.stm32cube.ide.mcu.externaltools.gnu-tools-for-stm32.13.3.rel1.linux64_1.0.0.202410170706/tools/bin/../lib/gcc/arm-none-eabi/13.3.1/thumb/v8-m.main+fp/hard/crti.o
 .ARM.attributes
                0x00000026       0x38 /home/tomas/st/stm32cubeide_1.18.1/plugins/com.st.stm32cube.ide.mcu.externaltools.gnu-tools-for-stm32.13.3.rel1.linux64_1.0.0.202410170706/tools/bin/../lib/gcc/arm-none-eabi/13.3.1/thumb/v8-m.main+fp/hard/crtbegin.o
 .ARM.attributes
                0x0000005e       0x3a ./Core/Src/main.o
 .ARM.attributes
                0x00000098       0x3a ./Core/Src/stm32u5xx_hal_msp.o
 .ARM.attributes
                0x000000d2       0x3a ./Core/Src/stm32u5xx_it.o
 .ARM.attributes
                0x0000010c       0x3a ./Core/Src/system_stm32u5xx.o
 .ARM.attributes
                0x00000146       0x24 ./Core/Startup/startup_stm32u585aiixq.o
 .ARM.attributes
                0x0000016a       0x3a ./Drivers/STM32U5xx_HAL_Driver/Src/stm32u5xx_hal.o
 .ARM.attributes
                0x000001a4       0x3a ./Drivers/STM32U5xx_HAL_Driver/Src/stm32u5xx_hal_cortex.o
 .ARM.attributes
                0x000001de       0x3a ./Drivers/STM32U5xx_HAL_Driver/Src/stm32u5xx_hal_dma.o
 .ARM.attributes
                0x00000218       0x3a ./Drivers/STM32U5xx_HAL_Driver/Src/stm32u5xx_hal_gpio.o
 .ARM.attributes
                0x00000252       0x3a ./Drivers/STM32U5xx_HAL_Driver/Src/stm32u5xx_hal_i2c.o
 .ARM.attributes
                0x0000028c       0x3a ./Drivers/STM32U5xx_HAL_Driver/Src/stm32u5xx_hal_i2c_ex.o
 .ARM.attributes
                0x000002c6       0x3a ./Drivers/STM32U5xx_HAL_Driver/Src/stm32u5xx_hal_icache.o
 .ARM.attributes
                0x00000300       0x3a ./Drivers/STM32U5xx_HAL_Driver/Src/stm32u5xx_hal_mdf.o
 .ARM.attributes
                0x0000033a       0x3a ./Drivers/STM32U5xx_HAL_Driver/Src/stm32u5xx_hal_ospi.o
 .ARM.attributes
                0x00000374       0x3a ./Drivers/STM32U5xx_HAL_Driver/Src/stm32u5xx_hal_pcd.o
 .ARM.attributes
                0x000003ae       0x3a ./Drivers/STM32U5xx_HAL_Driver/Src/stm32u5xx_hal_pcd_ex.o
 .ARM.attributes
                0x000003e8       0x3a ./Drivers/STM32U5xx_HAL_Driver/Src/stm32u5xx_hal_pwr_ex.o
 .ARM.attributes
                0x00000422       0x3a ./Drivers/STM32U5xx_HAL_Driver/Src/stm32u5xx_hal_rcc.o
 .ARM.attributes
                0x0000045c       0x3a ./Drivers/STM32U5xx_HAL_Driver/Src/stm32u5xx_hal_rcc_ex.o
 .ARM.attributes
                0x00000496       0x3a ./Drivers/STM32U5xx_HAL_Driver/Src/stm32u5xx_hal_spi.o
 .ARM.attributes
                0x000004d0       0x3a ./Drivers/STM32U5xx_HAL_Driver/Src/stm32u5xx_hal_spi_ex.o
 .ARM.attributes
                0x0000050a       0x3a ./Drivers/STM32U5xx_HAL_Driver/Src/stm32u5xx_hal_uart.o
 .ARM.attributes
                0x00000544       0x3a ./Drivers/STM32U5xx_HAL_Driver/Src/stm32u5xx_hal_uart_ex.o
 .ARM.attributes
                0x0000057e       0x3a ./Drivers/STM32U5xx_HAL_Driver/Src/stm32u5xx_ll_dlyb.o
 .ARM.attributes
                0x000005b8       0x3a ./Drivers/STM32U5xx_HAL_Driver/Src/stm32u5xx_ll_gpio.o
 .ARM.attributes
                0x000005f2       0x3a ./Drivers/STM32U5xx_HAL_Driver/Src/stm32u5xx_ll_usb.o
 .ARM.attributes
                0x0000062c       0x38 /home/tomas/st/stm32cubeide_1.18.1/plugins/com.st.stm32cube.ide.mcu.externaltools.gnu-tools-for-stm32.13.3.rel1.linux64_1.0.0.202410170706/tools/bin/../lib/gcc/arm-none-eabi/13.3.1/../../../../arm-none-eabi/lib/thumb/v8-m.main+fp/hard/libc_nano.a(libc_a-memset.o)
 .ARM.attributes
                0x00000664       0x38 /home/tomas/st/stm32cubeide_1.18.1/plugins/com.st.stm32cube.ide.mcu.externaltools.gnu-tools-for-stm32.13.3.rel1.linux64_1.0.0.202410170706/tools/bin/../lib/gcc/arm-none-eabi/13.3.1/../../../../arm-none-eabi/lib/thumb/v8-m.main+fp/hard/libc_nano.a(libc_a-init.o)
 .ARM.attributes
                0x0000069c       0x26 /home/tomas/st/stm32cubeide_1.18.1/plugins/com.st.stm32cube.ide.mcu.externaltools.gnu-tools-for-stm32.13.3.rel1.linux64_1.0.0.202410170706/tools/bin/../lib/gcc/arm-none-eabi/13.3.1/thumb/v8-m.main+fp/hard/libgcc.a(_aeabi_uldivmod.o)
 .ARM.attributes
                0x000006c2       0x38 /home/tomas/st/stm32cubeide_1.18.1/plugins/com.st.stm32cube.ide.mcu.externaltools.gnu-tools-for-stm32.13.3.rel1.linux64_1.0.0.202410170706/tools/bin/../lib/gcc/arm-none-eabi/13.3.1/thumb/v8-m.main+fp/hard/libgcc.a(_udivmoddi4.o)
 .ARM.attributes
                0x000006fa       0x26 /home/tomas/st/stm32cubeide_1.18.1/plugins/com.st.stm32cube.ide.mcu.externaltools.gnu-tools-for-stm32.13.3.rel1.linux64_1.0.0.202410170706/tools/bin/../lib/gcc/arm-none-eabi/13.3.1/thumb/v8-m.main+fp/hard/libgcc.a(_dvmd_tls.o)
 .ARM.attributes
                0x00000720       0x26 /home/tomas/st/stm32cubeide_1.18.1/plugins/com.st.stm32cube.ide.mcu.externaltools.gnu-tools-for-stm32.13.3.rel1.linux64_1.0.0.202410170706/tools/bin/../lib/gcc/arm-none-eabi/13.3.1/thumb/v8-m.main+fp/hard/crtn.o
OUTPUT(teleturtle.elf elf32-littlearm)
LOAD linker stubs
LOAD /home/tomas/st/stm32cubeide_1.18.1/plugins/com.st.stm32cube.ide.mcu.externaltools.gnu-tools-for-stm32.13.3.rel1.linux64_1.0.0.202410170706/tools/bin/../lib/gcc/arm-none-eabi/13.3.1/../../../../arm-none-eabi/lib/thumb/v8-m.main+fp/hard/libc.a
LOAD /home/tomas/st/stm32cubeide_1.18.1/plugins/com.st.stm32cube.ide.mcu.externaltools.gnu-tools-for-stm32.13.3.rel1.linux64_1.0.0.202410170706/tools/bin/../lib/gcc/arm-none-eabi/13.3.1/../../../../arm-none-eabi/lib/thumb/v8-m.main+fp/hard/libm.a
LOAD /home/tomas/st/stm32cubeide_1.18.1/plugins/com.st.stm32cube.ide.mcu.externaltools.gnu-tools-for-stm32.13.3.rel1.linux64_1.0.0.202410170706/tools/bin/../lib/gcc/arm-none-eabi/13.3.1/thumb/v8-m.main+fp/hard/libgcc.a

.debug_info     0x00000000    0x1f623
 .debug_info    0x00000000     0x2d4a ./Core/Src/main.o
 .debug_info    0x00002d4a     0x2a67 ./Core/Src/stm32u5xx_hal_msp.o
 .debug_info    0x000057b1      0x16c ./Core/Src/stm32u5xx_it.o
 .debug_info    0x0000591d      0x929 ./Core/Src/system_stm32u5xx.o
 .debug_info    0x00006246       0x30 ./Core/Startup/startup_stm32u585aiixq.o
 .debug_info    0x00006276     0x11fb ./Drivers/STM32U5xx_HAL_Driver/Src/stm32u5xx_hal.o
 .debug_info    0x00007471     0x1658 ./Drivers/STM32U5xx_HAL_Driver/Src/stm32u5xx_hal_cortex.o
 .debug_info    0x00008ac9      0xadc ./Drivers/STM32U5xx_HAL_Driver/Src/stm32u5xx_hal_dma.o
 .debug_info    0x000095a5      0x859 ./Drivers/STM32U5xx_HAL_Driver/Src/stm32u5xx_hal_gpio.o
 .debug_info    0x00009dfe     0x232e ./Drivers/STM32U5xx_HAL_Driver/Src/stm32u5xx_hal_i2c.o
 .debug_info    0x0000c12c      0x9ff ./Drivers/STM32U5xx_HAL_Driver/Src/stm32u5xx_hal_i2c_ex.o
 .debug_info    0x0000cb2b      0x4d6 ./Drivers/STM32U5xx_HAL_Driver/Src/stm32u5xx_hal_icache.o
 .debug_info    0x0000d001     0x1ba1 ./Drivers/STM32U5xx_HAL_Driver/Src/stm32u5xx_hal_mdf.o
 .debug_info    0x0000eba2     0x1c37 ./Drivers/STM32U5xx_HAL_Driver/Src/stm32u5xx_hal_ospi.o
 .debug_info    0x000107d9     0x1586 ./Drivers/STM32U5xx_HAL_Driver/Src/stm32u5xx_hal_pcd.o
 .debug_info    0x00011d5f      0x8bd ./Drivers/STM32U5xx_HAL_Driver/Src/stm32u5xx_hal_pcd_ex.o
 .debug_info    0x0001261c      0xe3e ./Drivers/STM32U5xx_HAL_Driver/Src/stm32u5xx_hal_pwr_ex.o
 .debug_info    0x0001345a     0x11f0 ./Drivers/STM32U5xx_HAL_Driver/Src/stm32u5xx_hal_rcc.o
 .debug_info    0x0001464a     0x158b ./Drivers/STM32U5xx_HAL_Driver/Src/stm32u5xx_hal_rcc_ex.o
 .debug_info    0x00015bd5     0x15bd ./Drivers/STM32U5xx_HAL_Driver/Src/stm32u5xx_hal_spi.o
 .debug_info    0x00017192      0xa97 ./Drivers/STM32U5xx_HAL_Driver/Src/stm32u5xx_hal_spi_ex.o
 .debug_info    0x00017c29     0x4029 ./Drivers/STM32U5xx_HAL_Driver/Src/stm32u5xx_hal_uart.o
 .debug_info    0x0001bc52     0x11f0 ./Drivers/STM32U5xx_HAL_Driver/Src/stm32u5xx_hal_uart_ex.o
 .debug_info    0x0001ce42      0x228 ./Drivers/STM32U5xx_HAL_Driver/Src/stm32u5xx_ll_dlyb.o
 .debug_info    0x0001d06a      0xb17 ./Drivers/STM32U5xx_HAL_Driver/Src/stm32u5xx_ll_gpio.o
 .debug_info    0x0001db81     0x1aa2 ./Drivers/STM32U5xx_HAL_Driver/Src/stm32u5xx_ll_usb.o

.debug_abbrev   0x00000000     0x3ab1
 .debug_abbrev  0x00000000      0x33f ./Core/Src/main.o
 .debug_abbrev  0x0000033f      0x289 ./Core/Src/stm32u5xx_hal_msp.o
 .debug_abbrev  0x000005c8       0xac ./Core/Src/stm32u5xx_it.o
 .debug_abbrev  0x00000674      0x129 ./Core/Src/system_stm32u5xx.o
 .debug_abbrev  0x0000079d       0x24 ./Core/Startup/startup_stm32u585aiixq.o
 .debug_abbrev  0x000007c1      0x2a5 ./Drivers/STM32U5xx_HAL_Driver/Src/stm32u5xx_hal.o
 .debug_abbrev  0x00000a66      0x311 ./Drivers/STM32U5xx_HAL_Driver/Src/stm32u5xx_hal_cortex.o
 .debug_abbrev  0x00000d77      0x1ff ./Drivers/STM32U5xx_HAL_Driver/Src/stm32u5xx_hal_dma.o
 .debug_abbrev  0x00000f76      0x25a ./Drivers/STM32U5xx_HAL_Driver/Src/stm32u5xx_hal_gpio.o
 .debug_abbrev  0x000011d0      0x271 ./Drivers/STM32U5xx_HAL_Driver/Src/stm32u5xx_hal_i2c.o
 .debug_abbrev  0x00001441      0x1c0 ./Drivers/STM32U5xx_HAL_Driver/Src/stm32u5xx_hal_i2c_ex.o
 .debug_abbrev  0x00001601      0x228 ./Drivers/STM32U5xx_HAL_Driver/Src/stm32u5xx_hal_icache.o
 .debug_abbrev  0x00001829      0x267 ./Drivers/STM32U5xx_HAL_Driver/Src/stm32u5xx_hal_mdf.o
 .debug_abbrev  0x00001a90      0x314 ./Drivers/STM32U5xx_HAL_Driver/Src/stm32u5xx_hal_ospi.o
 .debug_abbrev  0x00001da4      0x2cd ./Drivers/STM32U5xx_HAL_Driver/Src/stm32u5xx_hal_pcd.o
 .debug_abbrev  0x00002071      0x25a ./Drivers/STM32U5xx_HAL_Driver/Src/stm32u5xx_hal_pcd_ex.o
 .debug_abbrev  0x000022cb      0x215 ./Drivers/STM32U5xx_HAL_Driver/Src/stm32u5xx_hal_pwr_ex.o
 .debug_abbrev  0x000024e0      0x2cb ./Drivers/STM32U5xx_HAL_Driver/Src/stm32u5xx_hal_rcc.o
 .debug_abbrev  0x000027ab      0x23d ./Drivers/STM32U5xx_HAL_Driver/Src/stm32u5xx_hal_rcc_ex.o
 .debug_abbrev  0x000029e8      0x2b3 ./Drivers/STM32U5xx_HAL_Driver/Src/stm32u5xx_hal_spi.o
 .debug_abbrev  0x00002c9b      0x1c7 ./Drivers/STM32U5xx_HAL_Driver/Src/stm32u5xx_hal_spi_ex.o
 .debug_abbrev  0x00002e62      0x305 ./Drivers/STM32U5xx_HAL_Driver/Src/stm32u5xx_hal_uart.o
 .debug_abbrev  0x00003167      0x2d4 ./Drivers/STM32U5xx_HAL_Driver/Src/stm32u5xx_hal_uart_ex.o
 .debug_abbrev  0x0000343b      0x169 ./Drivers/STM32U5xx_HAL_Driver/Src/stm32u5xx_ll_dlyb.o
 .debug_abbrev  0x000035a4      0x25d ./Drivers/STM32U5xx_HAL_Driver/Src/stm32u5xx_ll_gpio.o
 .debug_abbrev  0x00003801      0x2b0 ./Drivers/STM32U5xx_HAL_Driver/Src/stm32u5xx_ll_usb.o

.debug_aranges  0x00000000     0x1930
 .debug_aranges
                0x00000000       0xa8 ./Core/Src/main.o
 .debug_aranges
                0x000000a8       0x80 ./Core/Src/stm32u5xx_hal_msp.o
 .debug_aranges
                0x00000128       0x60 ./Core/Src/stm32u5xx_it.o
 .debug_aranges
                0x00000188       0x28 ./Core/Src/system_stm32u5xx.o
 .debug_aranges
                0x000001b0       0x28 ./Core/Startup/startup_stm32u585aiixq.o
 .debug_aranges
                0x000001d8      0x148 ./Drivers/STM32U5xx_HAL_Driver/Src/stm32u5xx_hal.o
 .debug_aranges
                0x00000320      0x140 ./Drivers/STM32U5xx_HAL_Driver/Src/stm32u5xx_hal_cortex.o
 .debug_aranges
                0x00000460       0xa0 ./Drivers/STM32U5xx_HAL_Driver/Src/stm32u5xx_hal_dma.o
 .debug_aranges
                0x00000500       0x78 ./Drivers/STM32U5xx_HAL_Driver/Src/stm32u5xx_hal_gpio.o
 .debug_aranges
                0x00000578      0x2a0 ./Drivers/STM32U5xx_HAL_Driver/Src/stm32u5xx_hal_i2c.o
 .debug_aranges
                0x00000818       0x58 ./Drivers/STM32U5xx_HAL_Driver/Src/stm32u5xx_hal_i2c_ex.o
 .debug_aranges
                0x00000870       0xa8 ./Drivers/STM32U5xx_HAL_Driver/Src/stm32u5xx_hal_icache.o
 .debug_aranges
                0x00000918      0x1a8 ./Drivers/STM32U5xx_HAL_Driver/Src/stm32u5xx_hal_mdf.o
 .debug_aranges
                0x00000ac0      0x198 ./Drivers/STM32U5xx_HAL_Driver/Src/stm32u5xx_hal_ospi.o
 .debug_aranges
                0x00000c58      0x140 ./Drivers/STM32U5xx_HAL_Driver/Src/stm32u5xx_hal_pcd.o
 .debug_aranges
                0x00000d98       0x60 ./Drivers/STM32U5xx_HAL_Driver/Src/stm32u5xx_hal_pcd_ex.o
 .debug_aranges
                0x00000df8      0x200 ./Drivers/STM32U5xx_HAL_Driver/Src/stm32u5xx_hal_pwr_ex.o
 .debug_aranges
                0x00000ff8       0xa8 ./Drivers/STM32U5xx_HAL_Driver/Src/stm32u5xx_hal_rcc.o
 .debug_aranges
                0x000010a0      0x160 ./Drivers/STM32U5xx_HAL_Driver/Src/stm32u5xx_hal_rcc_ex.o
 .debug_aranges
                0x00001200      0x1a8 ./Drivers/STM32U5xx_HAL_Driver/Src/stm32u5xx_hal_spi.o
 .debug_aranges
                0x000013a8       0x48 ./Drivers/STM32U5xx_HAL_Driver/Src/stm32u5xx_hal_spi_ex.o
 .debug_aranges
                0x000013f0      0x248 ./Drivers/STM32U5xx_HAL_Driver/Src/stm32u5xx_hal_uart.o
 .debug_aranges
                0x00001638       0xb8 ./Drivers/STM32U5xx_HAL_Driver/Src/stm32u5xx_hal_uart_ex.o
 .debug_aranges
                0x000016f0       0x30 ./Drivers/STM32U5xx_HAL_Driver/Src/stm32u5xx_ll_dlyb.o
 .debug_aranges
                0x00001720       0x70 ./Drivers/STM32U5xx_HAL_Driver/Src/stm32u5xx_ll_gpio.o
 .debug_aranges
                0x00001790      0x1a0 ./Drivers/STM32U5xx_HAL_Driver/Src/stm32u5xx_ll_usb.o

.debug_rnglists
                0x00000000     0x139a
 .debug_rnglists
                0x00000000       0x83 ./Core/Src/main.o
 .debug_rnglists
                0x00000083       0x63 ./Core/Src/stm32u5xx_hal_msp.o
 .debug_rnglists
                0x000000e6       0x43 ./Core/Src/stm32u5xx_it.o
 .debug_rnglists
                0x00000129       0x1a ./Core/Src/system_stm32u5xx.o
 .debug_rnglists
                0x00000143       0x19 ./Core/Startup/startup_stm32u585aiixq.o
 .debug_rnglists
                0x0000015c       0xf3 ./Drivers/STM32U5xx_HAL_Driver/Src/stm32u5xx_hal.o
 .debug_rnglists
                0x0000024f       0xec ./Drivers/STM32U5xx_HAL_Driver/Src/stm32u5xx_hal_cortex.o
 .debug_rnglists
                0x0000033b       0x7e ./Drivers/STM32U5xx_HAL_Driver/Src/stm32u5xx_hal_dma.o
 .debug_rnglists
                0x000003b9       0x5a ./Drivers/STM32U5xx_HAL_Driver/Src/stm32u5xx_hal_gpio.o
 .debug_rnglists
                0x00000413      0x228 ./Drivers/STM32U5xx_HAL_Driver/Src/stm32u5xx_hal_i2c.o
 .debug_rnglists
                0x0000063b       0x43 ./Drivers/STM32U5xx_HAL_Driver/Src/stm32u5xx_hal_i2c_ex.o
 .debug_rnglists
                0x0000067e       0x7a ./Drivers/STM32U5xx_HAL_Driver/Src/stm32u5xx_hal_icache.o
 .debug_rnglists
                0x000006f8      0x154 ./Drivers/STM32U5xx_HAL_Driver/Src/stm32u5xx_hal_mdf.o
 .debug_rnglists
                0x0000084c      0x142 ./Drivers/STM32U5xx_HAL_Driver/Src/stm32u5xx_hal_ospi.o
 .debug_rnglists
                0x0000098e       0xf4 ./Drivers/STM32U5xx_HAL_Driver/Src/stm32u5xx_hal_pcd.o
 .debug_rnglists
                0x00000a82       0x45 ./Drivers/STM32U5xx_HAL_Driver/Src/stm32u5xx_hal_pcd_ex.o
 .debug_rnglists
                0x00000ac7      0x186 ./Drivers/STM32U5xx_HAL_Driver/Src/stm32u5xx_hal_pwr_ex.o
 .debug_rnglists
                0x00000c4d       0x7f ./Drivers/STM32U5xx_HAL_Driver/Src/stm32u5xx_hal_rcc.o
 .debug_rnglists
                0x00000ccc      0x113 ./Drivers/STM32U5xx_HAL_Driver/Src/stm32u5xx_hal_rcc_ex.o
 .debug_rnglists
                0x00000ddf      0x148 ./Drivers/STM32U5xx_HAL_Driver/Src/stm32u5xx_hal_spi.o
 .debug_rnglists
                0x00000f27       0x35 ./Drivers/STM32U5xx_HAL_Driver/Src/stm32u5xx_hal_spi_ex.o
 .debug_rnglists
                0x00000f5c      0x1fb ./Drivers/STM32U5xx_HAL_Driver/Src/stm32u5xx_hal_uart.o
 .debug_rnglists
                0x00001157       0x8c ./Drivers/STM32U5xx_HAL_Driver/Src/stm32u5xx_hal_uart_ex.o
 .debug_rnglists
                0x000011e3       0x20 ./Drivers/STM32U5xx_HAL_Driver/Src/stm32u5xx_ll_dlyb.o
 .debug_rnglists
                0x00001203       0x51 ./Drivers/STM32U5xx_HAL_Driver/Src/stm32u5xx_ll_gpio.o
 .debug_rnglists
                0x00001254      0x146 ./Drivers/STM32U5xx_HAL_Driver/Src/stm32u5xx_ll_usb.o

.debug_macro    0x00000000    0x38ff1
 .debug_macro   0x00000000      0x345 ./Core/Src/main.o
 .debug_macro   0x00000345      0xae4 ./Core/Src/main.o
 .debug_macro   0x00000e29      0x219 ./Core/Src/main.o
 .debug_macro   0x00001042       0x2e ./Core/Src/main.o
 .debug_macro   0x00001070       0x42 ./Core/Src/main.o
 .debug_macro   0x000010b2       0x22 ./Core/Src/main.o
 .debug_macro   0x000010d4       0x8e ./Core/Src/main.o
 .debug_macro   0x00001162       0x51 ./Core/Src/main.o
 .debug_macro   0x000011b3      0x103 ./Core/Src/main.o
 .debug_macro   0x000012b6       0x6a ./Core/Src/main.o
 .debug_macro   0x00001320      0x1df ./Core/Src/main.o
 .debug_macro   0x000014ff       0x1c ./Core/Src/main.o
 .debug_macro   0x0000151b       0x29 ./Core/Src/main.o
 .debug_macro   0x00001544       0xfb ./Core/Src/main.o
 .debug_macro   0x0000163f     0x1685 ./Core/Src/main.o
 .debug_macro   0x00002cc4       0x5e ./Core/Src/main.o
 .debug_macro   0x00002d22    0x23cfa ./Core/Src/main.o
 .debug_macro   0x00026a1c       0x6d ./Core/Src/main.o
 .debug_macro   0x00026a89     0x393e ./Core/Src/main.o
 .debug_macro   0x0002a3c7      0x190 ./Core/Src/main.o
 .debug_macro   0x0002a557       0x61 ./Core/Src/main.o
 .debug_macro   0x0002a5b8       0x2a ./Core/Src/main.o
 .debug_macro   0x0002a5e2       0x43 ./Core/Src/main.o
 .debug_macro   0x0002a625       0x34 ./Core/Src/main.o
 .debug_macro   0x0002a659      0x370 ./Core/Src/main.o
 .debug_macro   0x0002a9c9       0x16 ./Core/Src/main.o
 .debug_macro   0x0002a9df       0x4a ./Core/Src/main.o
 .debug_macro   0x0002aa29       0x34 ./Core/Src/main.o
 .debug_macro   0x0002aa5d       0x10 ./Core/Src/main.o
 .debug_macro   0x0002aa6d       0x58 ./Core/Src/main.o
 .debug_macro   0x0002aac5       0x8e ./Core/Src/main.o
 .debug_macro   0x0002ab53       0x1c ./Core/Src/main.o
 .debug_macro   0x0002ab6f      0x185 ./Core/Src/main.o
 .debug_macro   0x0002acf4      0x19b ./Core/Src/main.o
 .debug_macro   0x0002ae8f       0x5d ./Core/Src/main.o
 .debug_macro   0x0002aeec     0x1bfd ./Core/Src/main.o
 .debug_macro   0x0002cae9      0x7ff ./Core/Src/main.o
 .debug_macro   0x0002d2e8      0x166 ./Core/Src/main.o
 .debug_macro   0x0002d44e      0x2aa ./Core/Src/main.o
 .debug_macro   0x0002d6f8       0xc9 ./Core/Src/main.o
 .debug_macro   0x0002d7c1      0x5a5 ./Core/Src/main.o
 .debug_macro   0x0002dd66      0x439 ./Core/Src/main.o
 .debug_macro   0x0002e19f       0xd6 ./Core/Src/main.o
 .debug_macro   0x0002e275      0x1cd ./Core/Src/main.o
 .debug_macro   0x0002e442      0x432 ./Core/Src/main.o
 .debug_macro   0x0002e874       0x95 ./Core/Src/main.o
 .debug_macro   0x0002e909      0x11c ./Core/Src/main.o
 .debug_macro   0x0002ea25      0x23a ./Core/Src/main.o
 .debug_macro   0x0002ec5f      0x123 ./Core/Src/main.o
 .debug_macro   0x0002ed82       0xa5 ./Core/Src/main.o
 .debug_macro   0x0002ee27      0x525 ./Core/Src/main.o
 .debug_macro   0x0002f34c      0x4bf ./Core/Src/main.o
 .debug_macro   0x0002f80b       0x1c ./Core/Src/main.o
 .debug_macro   0x0002f827      0x520 ./Core/Src/main.o
 .debug_macro   0x0002fd47      0x5cf ./Core/Src/main.o
 .debug_macro   0x00030316       0xee ./Core/Src/main.o
 .debug_macro   0x00030404       0xeb ./Core/Src/main.o
 .debug_macro   0x000304ef      0x677 ./Core/Src/main.o
 .debug_macro   0x00030b66      0x1a1 ./Core/Src/main.o
 .debug_macro   0x00030d07      0x293 ./Core/Src/main.o
 .debug_macro   0x00030f9a       0x82 ./Core/Src/main.o
 .debug_macro   0x0003101c      0x1c0 ./Core/Src/main.o
 .debug_macro   0x000311dc      0x558 ./Core/Src/main.o
 .debug_macro   0x00031734      0x361 ./Core/Src/main.o
 .debug_macro   0x00031a95      0x2b6 ./Core/Src/main.o
 .debug_macro   0x00031d4b      0x384 ./Core/Src/main.o
 .debug_macro   0x000320cf      0x165 ./Core/Src/main.o
 .debug_macro   0x00032234      0xacb ./Core/Src/main.o
 .debug_macro   0x00032cff      0x2a0 ./Core/Src/main.o
 .debug_macro   0x00032f9f       0xed ./Core/Src/main.o
 .debug_macro   0x0003308c      0x4e1 ./Core/Src/main.o
 .debug_macro   0x0003356d      0x167 ./Core/Src/main.o
 .debug_macro   0x000336d4      0x8d6 ./Core/Src/main.o
 .debug_macro   0x00033faa      0x19a ./Core/Src/main.o
 .debug_macro   0x00034144      0x321 ./Core/Src/main.o
 .debug_macro   0x00034465      0x345 ./Core/Src/stm32u5xx_hal_msp.o
 .debug_macro   0x000347aa      0x34f ./Core/Src/stm32u5xx_it.o
 .debug_macro   0x00034af9      0x2e3 ./Core/Src/system_stm32u5xx.o
 .debug_macro   0x00034ddc      0x300 ./Drivers/STM32U5xx_HAL_Driver/Src/stm32u5xx_hal.o
 .debug_macro   0x000350dc      0x2dc ./Drivers/STM32U5xx_HAL_Driver/Src/stm32u5xx_hal_cortex.o
 .debug_macro   0x000353b8      0x2dd ./Drivers/STM32U5xx_HAL_Driver/Src/stm32u5xx_hal_dma.o
 .debug_macro   0x00035695      0x311 ./Drivers/STM32U5xx_HAL_Driver/Src/stm32u5xx_hal_gpio.o
 .debug_macro   0x000359a6      0x3a8 ./Drivers/STM32U5xx_HAL_Driver/Src/stm32u5xx_hal_i2c.o
 .debug_macro   0x00035d4e      0x2dc ./Drivers/STM32U5xx_HAL_Driver/Src/stm32u5xx_hal_i2c_ex.o
 .debug_macro   0x0003602a      0x30e ./Drivers/STM32U5xx_HAL_Driver/Src/stm32u5xx_hal_icache.o
 .debug_macro   0x00036338      0x2e4 ./Drivers/STM32U5xx_HAL_Driver/Src/stm32u5xx_hal_mdf.o
 .debug_macro   0x0003661c      0x323 ./Drivers/STM32U5xx_HAL_Driver/Src/stm32u5xx_hal_ospi.o
 .debug_macro   0x0003693f      0x2e8 ./Drivers/STM32U5xx_HAL_Driver/Src/stm32u5xx_hal_pcd.o
 .debug_macro   0x00036c27      0x2dc ./Drivers/STM32U5xx_HAL_Driver/Src/stm32u5xx_hal_pcd_ex.o
 .debug_macro   0x00036f03      0x307 ./Drivers/STM32U5xx_HAL_Driver/Src/stm32u5xx_hal_pwr_ex.o
 .debug_macro   0x0003720a      0x3e2 ./Drivers/STM32U5xx_HAL_Driver/Src/stm32u5xx_hal_rcc.o
 .debug_macro   0x000375ec      0x40d ./Drivers/STM32U5xx_HAL_Driver/Src/stm32u5xx_hal_rcc_ex.o
 .debug_macro   0x000379f9      0x2e4 ./Drivers/STM32U5xx_HAL_Driver/Src/stm32u5xx_hal_spi.o
 .debug_macro   0x00037cdd      0x2dc ./Drivers/STM32U5xx_HAL_Driver/Src/stm32u5xx_hal_spi_ex.o
 .debug_macro   0x00037fb9      0x307 ./Drivers/STM32U5xx_HAL_Driver/Src/stm32u5xx_hal_uart.o
 .debug_macro   0x000382c0      0x2e8 ./Drivers/STM32U5xx_HAL_Driver/Src/stm32u5xx_hal_uart_ex.o
 .debug_macro   0x000385a8      0x2ee ./Drivers/STM32U5xx_HAL_Driver/Src/stm32u5xx_ll_dlyb.o
 .debug_macro   0x00038896      0x31e ./Drivers/STM32U5xx_HAL_Driver/Src/stm32u5xx_ll_gpio.o
 .debug_macro   0x00038bb4      0x161 ./Drivers/STM32U5xx_HAL_Driver/Src/stm32u5xx_ll_gpio.o
 .debug_macro   0x00038d15      0x2dc ./Drivers/STM32U5xx_HAL_Driver/Src/stm32u5xx_ll_usb.o

.debug_line     0x00000000    0x21550
 .debug_line    0x00000000      0xf53 ./Core/Src/main.o
 .debug_line    0x00000f53      0xdb0 ./Core/Src/stm32u5xx_hal_msp.o
 .debug_line    0x00001d03      0xa40 ./Core/Src/stm32u5xx_it.o
 .debug_line    0x00002743      0x9ae ./Core/Src/system_stm32u5xx.o
 .debug_line    0x000030f1       0x79 ./Core/Startup/startup_stm32u585aiixq.o
 .debug_line    0x0000316a      0xd4d ./Drivers/STM32U5xx_HAL_Driver/Src/stm32u5xx_hal.o
 .debug_line    0x00003eb7      0xefd ./Drivers/STM32U5xx_HAL_Driver/Src/stm32u5xx_hal_cortex.o
 .debug_line    0x00004db4     0x132f ./Drivers/STM32U5xx_HAL_Driver/Src/stm32u5xx_hal_dma.o
 .debug_line    0x000060e3      0xe4c ./Drivers/STM32U5xx_HAL_Driver/Src/stm32u5xx_hal_gpio.o
 .debug_line    0x00006f2f     0x3bb8 ./Drivers/STM32U5xx_HAL_Driver/Src/stm32u5xx_hal_i2c.o
 .debug_line    0x0000aae7      0xafa ./Drivers/STM32U5xx_HAL_Driver/Src/stm32u5xx_hal_i2c_ex.o
 .debug_line    0x0000b5e1      0xba0 ./Drivers/STM32U5xx_HAL_Driver/Src/stm32u5xx_hal_icache.o
 .debug_line    0x0000c181     0x2250 ./Drivers/STM32U5xx_HAL_Driver/Src/stm32u5xx_hal_mdf.o
 .debug_line    0x0000e3d1     0x1bcc ./Drivers/STM32U5xx_HAL_Driver/Src/stm32u5xx_hal_ospi.o
 .debug_line    0x0000ff9d     0x15b9 ./Drivers/STM32U5xx_HAL_Driver/Src/stm32u5xx_hal_pcd.o
 .debug_line    0x00011556      0xab4 ./Drivers/STM32U5xx_HAL_Driver/Src/stm32u5xx_hal_pcd_ex.o
 .debug_line    0x0001200a     0x123a ./Drivers/STM32U5xx_HAL_Driver/Src/stm32u5xx_hal_pwr_ex.o
 .debug_line    0x00013244     0x173a ./Drivers/STM32U5xx_HAL_Driver/Src/stm32u5xx_hal_rcc.o
 .debug_line    0x0001497e     0x23a3 ./Drivers/STM32U5xx_HAL_Driver/Src/stm32u5xx_hal_rcc_ex.o
 .debug_line    0x00016d21     0x258c ./Drivers/STM32U5xx_HAL_Driver/Src/stm32u5xx_hal_spi.o
 .debug_line    0x000192ad      0xa8d ./Drivers/STM32U5xx_HAL_Driver/Src/stm32u5xx_hal_spi_ex.o
 .debug_line    0x00019d3a     0x34f7 ./Drivers/STM32U5xx_HAL_Driver/Src/stm32u5xx_hal_uart.o
 .debug_line    0x0001d231      0xeee ./Drivers/STM32U5xx_HAL_Driver/Src/stm32u5xx_hal_uart_ex.o
 .debug_line    0x0001e11f      0x99c ./Drivers/STM32U5xx_HAL_Driver/Src/stm32u5xx_ll_dlyb.o
 .debug_line    0x0001eabb      0xc77 ./Drivers/STM32U5xx_HAL_Driver/Src/stm32u5xx_ll_gpio.o
 .debug_line    0x0001f732     0x1e1e ./Drivers/STM32U5xx_HAL_Driver/Src/stm32u5xx_ll_usb.o

.debug_str      0x00000000   0x15f7a2
 .debug_str     0x00000000   0x15f7a2 ./Core/Src/main.o
                             0x157f82 (size before relaxing)
 .debug_str     0x0015f7a2   0x157bc1 ./Core/Src/stm32u5xx_hal_msp.o
 .debug_str     0x0015f7a2   0x1561dc ./Core/Src/stm32u5xx_it.o
 .debug_str     0x0015f7a2   0x1436dd ./Core/Src/system_stm32u5xx.o
 .debug_str     0x0015f7a2       0x75 ./Core/Startup/startup_stm32u585aiixq.o
 .debug_str     0x0015f7a2   0x144578 ./Drivers/STM32U5xx_HAL_Driver/Src/stm32u5xx_hal.o
 .debug_str     0x0015f7a2   0x144358 ./Drivers/STM32U5xx_HAL_Driver/Src/stm32u5xx_hal_cortex.o
 .debug_str     0x0015f7a2   0x143a61 ./Drivers/STM32U5xx_HAL_Driver/Src/stm32u5xx_hal_dma.o
 .debug_str     0x0015f7a2   0x143702 ./Drivers/STM32U5xx_HAL_Driver/Src/stm32u5xx_hal_gpio.o
 .debug_str     0x0015f7a2   0x14492b ./Drivers/STM32U5xx_HAL_Driver/Src/stm32u5xx_hal_i2c.o
 .debug_str     0x0015f7a2   0x143b13 ./Drivers/STM32U5xx_HAL_Driver/Src/stm32u5xx_hal_i2c_ex.o
 .debug_str     0x0015f7a2   0x1439ff ./Drivers/STM32U5xx_HAL_Driver/Src/stm32u5xx_hal_icache.o
 .debug_str     0x0015f7a2   0x14424a ./Drivers/STM32U5xx_HAL_Driver/Src/stm32u5xx_hal_mdf.o
 .debug_str     0x0015f7a2   0x1443f2 ./Drivers/STM32U5xx_HAL_Driver/Src/stm32u5xx_hal_ospi.o
 .debug_str     0x0015f7a2   0x143fc6 ./Drivers/STM32U5xx_HAL_Driver/Src/stm32u5xx_hal_pcd.o
 .debug_str     0x0015f7a2   0x143964 ./Drivers/STM32U5xx_HAL_Driver/Src/stm32u5xx_hal_pcd_ex.o
 .debug_str     0x0015f7a2   0x143e1d ./Drivers/STM32U5xx_HAL_Driver/Src/stm32u5xx_hal_pwr_ex.o
 .debug_str     0x0015f7a2   0x144dd2 ./Drivers/STM32U5xx_HAL_Driver/Src/stm32u5xx_hal_rcc.o
 .debug_str     0x0015f7a2   0x1460c5 ./Drivers/STM32U5xx_HAL_Driver/Src/stm32u5xx_hal_rcc_ex.o
 .debug_str     0x0015f7a2   0x143fd1 ./Drivers/STM32U5xx_HAL_Driver/Src/stm32u5xx_hal_spi.o
 .debug_str     0x0015f7a2   0x143b41 ./Drivers/STM32U5xx_HAL_Driver/Src/stm32u5xx_hal_spi_ex.o
 .debug_str     0x0015f7a2   0x1443a4 ./Drivers/STM32U5xx_HAL_Driver/Src/stm32u5xx_hal_uart.o
 .debug_str     0x0015f7a2   0x143e56 ./Drivers/STM32U5xx_HAL_Driver/Src/stm32u5xx_hal_uart_ex.o
 .debug_str     0x0015f7a2   0x143419 ./Drivers/STM32U5xx_HAL_Driver/Src/stm32u5xx_ll_dlyb.o
 .debug_str     0x0015f7a2   0x145cd2 ./Drivers/STM32U5xx_HAL_Driver/Src/stm32u5xx_ll_gpio.o
 .debug_str     0x0015f7a2   0x143ec0 ./Drivers/STM32U5xx_HAL_Driver/Src/stm32u5xx_ll_usb.o

.comment        0x00000000       0x43
 .comment       0x00000000       0x43 ./Core/Src/main.o
                                 0x44 (size before relaxing)
 .comment       0x00000043       0x44 ./Core/Src/stm32u5xx_hal_msp.o
 .comment       0x00000043       0x44 ./Core/Src/stm32u5xx_it.o
 .comment       0x00000043       0x44 ./Core/Src/system_stm32u5xx.o
 .comment       0x00000043       0x44 ./Drivers/STM32U5xx_HAL_Driver/Src/stm32u5xx_hal.o
 .comment       0x00000043       0x44 ./Drivers/STM32U5xx_HAL_Driver/Src/stm32u5xx_hal_cortex.o
 .comment       0x00000043       0x44 ./Drivers/STM32U5xx_HAL_Driver/Src/stm32u5xx_hal_dma.o
 .comment       0x00000043       0x44 ./Drivers/STM32U5xx_HAL_Driver/Src/stm32u5xx_hal_gpio.o
 .comment       0x00000043       0x44 ./Drivers/STM32U5xx_HAL_Driver/Src/stm32u5xx_hal_i2c.o
 .comment       0x00000043       0x44 ./Drivers/STM32U5xx_HAL_Driver/Src/stm32u5xx_hal_i2c_ex.o
 .comment       0x00000043       0x44 ./Drivers/STM32U5xx_HAL_Driver/Src/stm32u5xx_hal_icache.o
 .comment       0x00000043       0x44 ./Drivers/STM32U5xx_HAL_Driver/Src/stm32u5xx_hal_mdf.o
 .comment       0x00000043       0x44 ./Drivers/STM32U5xx_HAL_Driver/Src/stm32u5xx_hal_ospi.o
 .comment       0x00000043       0x44 ./Drivers/STM32U5xx_HAL_Driver/Src/stm32u5xx_hal_pcd.o
 .comment       0x00000043       0x44 ./Drivers/STM32U5xx_HAL_Driver/Src/stm32u5xx_hal_pcd_ex.o
 .comment       0x00000043       0x44 ./Drivers/STM32U5xx_HAL_Driver/Src/stm32u5xx_hal_pwr_ex.o
 .comment       0x00000043       0x44 ./Drivers/STM32U5xx_HAL_Driver/Src/stm32u5xx_hal_rcc.o
 .comment       0x00000043       0x44 ./Drivers/STM32U5xx_HAL_Driver/Src/stm32u5xx_hal_rcc_ex.o
 .comment       0x00000043       0x44 ./Drivers/STM32U5xx_HAL_Driver/Src/stm32u5xx_hal_spi.o
 .comment       0x00000043       0x44 ./Drivers/STM32U5xx_HAL_Driver/Src/stm32u5xx_hal_spi_ex.o
 .comment       0x00000043       0x44 ./Drivers/STM32U5xx_HAL_Driver/Src/stm32u5xx_hal_uart.o
 .comment       0x00000043       0x44 ./Drivers/STM32U5xx_HAL_Driver/Src/stm32u5xx_hal_uart_ex.o
 .comment       0x00000043       0x44 ./Drivers/STM32U5xx_HAL_Driver/Src/stm32u5xx_ll_dlyb.o
 .comment       0x00000043       0x44 ./Drivers/STM32U5xx_HAL_Driver/Src/stm32u5xx_ll_gpio.o
 .comment       0x00000043       0x44 ./Drivers/STM32U5xx_HAL_Driver/Src/stm32u5xx_ll_usb.o

.debug_frame    0x00000000     0x6c98
 .debug_frame   0x00000000      0x254 ./Core/Src/main.o
 .debug_frame   0x00000254      0x1fc ./Core/Src/stm32u5xx_hal_msp.o
 .debug_frame   0x00000450      0x104 ./Core/Src/stm32u5xx_it.o
 .debug_frame   0x00000554       0x58 ./Core/Src/system_stm32u5xx.o
 .debug_frame   0x000005ac      0x500 ./Drivers/STM32U5xx_HAL_Driver/Src/stm32u5xx_hal.o
 .debug_frame   0x00000aac      0x560 ./Drivers/STM32U5xx_HAL_Driver/Src/stm32u5xx_hal_cortex.o
 .debug_frame   0x0000100c      0x2a0 ./Drivers/STM32U5xx_HAL_Driver/Src/stm32u5xx_hal_dma.o
 .debug_frame   0x000012ac      0x1ec ./Drivers/STM32U5xx_HAL_Driver/Src/stm32u5xx_hal_gpio.o
 .debug_frame   0x00001498      0xc44 ./Drivers/STM32U5xx_HAL_Driver/Src/stm32u5xx_hal_i2c.o
 .debug_frame   0x000020dc      0x150 ./Drivers/STM32U5xx_HAL_Driver/Src/stm32u5xx_hal_i2c_ex.o
 .debug_frame   0x0000222c      0x298 ./Drivers/STM32U5xx_HAL_Driver/Src/stm32u5xx_hal_icache.o
 .debug_frame   0x000024c4      0x7a8 ./Drivers/STM32U5xx_HAL_Driver/Src/stm32u5xx_hal_mdf.o
 .debug_frame   0x00002c6c      0x768 ./Drivers/STM32U5xx_HAL_Driver/Src/stm32u5xx_hal_ospi.o
 .debug_frame   0x000033d4      0x590 ./Drivers/STM32U5xx_HAL_Driver/Src/stm32u5xx_hal_pcd.o
 .debug_frame   0x00003964      0x174 ./Drivers/STM32U5xx_HAL_Driver/Src/stm32u5xx_hal_pcd_ex.o
 .debug_frame   0x00003ad8      0x84c ./Drivers/STM32U5xx_HAL_Driver/Src/stm32u5xx_hal_pwr_ex.o
 .debug_frame   0x00004324      0x288 ./Drivers/STM32U5xx_HAL_Driver/Src/stm32u5xx_hal_rcc.o
 .debug_frame   0x000045ac      0x5f4 ./Drivers/STM32U5xx_HAL_Driver/Src/stm32u5xx_hal_rcc_ex.o
 .debug_frame   0x00004ba0      0x7ac ./Drivers/STM32U5xx_HAL_Driver/Src/stm32u5xx_hal_spi.o
 .debug_frame   0x0000534c      0x100 ./Drivers/STM32U5xx_HAL_Driver/Src/stm32u5xx_hal_spi_ex.o
 .debug_frame   0x0000544c      0xa84 ./Drivers/STM32U5xx_HAL_Driver/Src/stm32u5xx_hal_uart.o
 .debug_frame   0x00005ed0      0x314 ./Drivers/STM32U5xx_HAL_Driver/Src/stm32u5xx_hal_uart_ex.o
 .debug_frame   0x000061e4       0x84 ./Drivers/STM32U5xx_HAL_Driver/Src/stm32u5xx_ll_dlyb.o
 .debug_frame   0x00006268      0x1c0 ./Drivers/STM32U5xx_HAL_Driver/Src/stm32u5xx_ll_gpio.o
 .debug_frame   0x00006428      0x7c0 ./Drivers/STM32U5xx_HAL_Driver/Src/stm32u5xx_ll_usb.o
 .debug_frame   0x00006be8       0x20 /home/tomas/st/stm32cubeide_1.18.1/plugins/com.st.stm32cube.ide.mcu.externaltools.gnu-tools-for-stm32.13.3.rel1.linux64_1.0.0.202410170706/tools/bin/../lib/gcc/arm-none-eabi/13.3.1/../../../../arm-none-eabi/lib/thumb/v8-m.main+fp/hard/libc_nano.a(libc_a-memset.o)
 .debug_frame   0x00006c08       0x2c /home/tomas/st/stm32cubeide_1.18.1/plugins/com.st.stm32cube.ide.mcu.externaltools.gnu-tools-for-stm32.13.3.rel1.linux64_1.0.0.202410170706/tools/bin/../lib/gcc/arm-none-eabi/13.3.1/../../../../arm-none-eabi/lib/thumb/v8-m.main+fp/hard/libc_nano.a(libc_a-init.o)
 .debug_frame   0x00006c34       0x2c /home/tomas/st/stm32cubeide_1.18.1/plugins/com.st.stm32cube.ide.mcu.externaltools.gnu-tools-for-stm32.13.3.rel1.linux64_1.0.0.202410170706/tools/bin/../lib/gcc/arm-none-eabi/13.3.1/thumb/v8-m.main+fp/hard/libgcc.a(_aeabi_uldivmod.o)
 .debug_frame   0x00006c60       0x38 /home/tomas/st/stm32cubeide_1.18.1/plugins/com.st.stm32cube.ide.mcu.externaltools.gnu-tools-for-stm32.13.3.rel1.linux64_1.0.0.202410170706/tools/bin/../lib/gcc/arm-none-eabi/13.3.1/thumb/v8-m.main+fp/hard/libgcc.a(_udivmoddi4.o)

.debug_line_str
                0x00000000       0x59
 .debug_line_str
                0x00000000       0x59 ./Core/Startup/startup_stm32u585aiixq.o
